Archive member included to satisfy reference by file (symbol)

c:/st/stm32cubeide_1.10.1/stm32cubeide/plugins/com.st.stm32cube.ide.mcu.externaltools.gnu-tools-for-stm32.10.3-2021.10.win32_1.0.200.202301161003/tools/bin/../lib/gcc/arm-none-eabi/10.3.1/../../../../arm-none-eabi/lib/thumb/v7e-m+fp/hard\libc_nano.a(lib_a-errno.o)
                              ./Core/Src/syscalls.o (__errno)
c:/st/stm32cubeide_1.10.1/stm32cubeide/plugins/com.st.stm32cube.ide.mcu.externaltools.gnu-tools-for-stm32.10.3-2021.10.win32_1.0.200.202301161003/tools/bin/../lib/gcc/arm-none-eabi/10.3.1/../../../../arm-none-eabi/lib/thumb/v7e-m+fp/hard\libc_nano.a(lib_a-exit.o)
                              c:/st/stm32cubeide_1.10.1/stm32cubeide/plugins/com.st.stm32cube.ide.mcu.externaltools.gnu-tools-for-stm32.10.3-2021.10.win32_1.0.200.202301161003/tools/bin/../lib/gcc/arm-none-eabi/10.3.1/../../../../arm-none-eabi/lib/thumb/v7e-m+fp/hard/crt0.o (exit)
c:/st/stm32cubeide_1.10.1/stm32cubeide/plugins/com.st.stm32cube.ide.mcu.externaltools.gnu-tools-for-stm32.10.3-2021.10.win32_1.0.200.202301161003/tools/bin/../lib/gcc/arm-none-eabi/10.3.1/../../../../arm-none-eabi/lib/thumb/v7e-m+fp/hard\libc_nano.a(lib_a-impure.o)
                              c:/st/stm32cubeide_1.10.1/stm32cubeide/plugins/com.st.stm32cube.ide.mcu.externaltools.gnu-tools-for-stm32.10.3-2021.10.win32_1.0.200.202301161003/tools/bin/../lib/gcc/arm-none-eabi/10.3.1/../../../../arm-none-eabi/lib/thumb/v7e-m+fp/hard\libc_nano.a(lib_a-exit.o) (_global_impure_ptr)
c:/st/stm32cubeide_1.10.1/stm32cubeide/plugins/com.st.stm32cube.ide.mcu.externaltools.gnu-tools-for-stm32.10.3-2021.10.win32_1.0.200.202301161003/tools/bin/../lib/gcc/arm-none-eabi/10.3.1/../../../../arm-none-eabi/lib/thumb/v7e-m+fp/hard\libc_nano.a(lib_a-init.o)
                              c:/st/stm32cubeide_1.10.1/stm32cubeide/plugins/com.st.stm32cube.ide.mcu.externaltools.gnu-tools-for-stm32.10.3-2021.10.win32_1.0.200.202301161003/tools/bin/../lib/gcc/arm-none-eabi/10.3.1/../../../../arm-none-eabi/lib/thumb/v7e-m+fp/hard/crt0.o (__libc_init_array)
c:/st/stm32cubeide_1.10.1/stm32cubeide/plugins/com.st.stm32cube.ide.mcu.externaltools.gnu-tools-for-stm32.10.3-2021.10.win32_1.0.200.202301161003/tools/bin/../lib/gcc/arm-none-eabi/10.3.1/../../../../arm-none-eabi/lib/thumb/v7e-m+fp/hard\libc_nano.a(lib_a-memset.o)
                              c:/st/stm32cubeide_1.10.1/stm32cubeide/plugins/com.st.stm32cube.ide.mcu.externaltools.gnu-tools-for-stm32.10.3-2021.10.win32_1.0.200.202301161003/tools/bin/../lib/gcc/arm-none-eabi/10.3.1/../../../../arm-none-eabi/lib/thumb/v7e-m+fp/hard/crt0.o (memset)
c:/st/stm32cubeide_1.10.1/stm32cubeide/plugins/com.st.stm32cube.ide.mcu.externaltools.gnu-tools-for-stm32.10.3-2021.10.win32_1.0.200.202301161003/tools/bin/../lib/gcc/arm-none-eabi/10.3.1/../../../../arm-none-eabi/lib/thumb/v7e-m+fp/hard\libm.a(lib_a-s_atan.o)
                              ./Core/Src/TT_mpu6050.o (atan)
c:/st/stm32cubeide_1.10.1/stm32cubeide/plugins/com.st.stm32cube.ide.mcu.externaltools.gnu-tools-for-stm32.10.3-2021.10.win32_1.0.200.202301161003/tools/bin/../lib/gcc/arm-none-eabi/10.3.1/../../../../arm-none-eabi/lib/thumb/v7e-m+fp/hard\libm.a(lib_a-s_fabs.o)
                              c:/st/stm32cubeide_1.10.1/stm32cubeide/plugins/com.st.stm32cube.ide.mcu.externaltools.gnu-tools-for-stm32.10.3-2021.10.win32_1.0.200.202301161003/tools/bin/../lib/gcc/arm-none-eabi/10.3.1/../../../../arm-none-eabi/lib/thumb/v7e-m+fp/hard\libm.a(lib_a-s_atan.o) (fabs)
c:/st/stm32cubeide_1.10.1/stm32cubeide/plugins/com.st.stm32cube.ide.mcu.externaltools.gnu-tools-for-stm32.10.3-2021.10.win32_1.0.200.202301161003/tools/bin/../lib/gcc/arm-none-eabi/10.3.1/../../../../arm-none-eabi/lib/thumb/v7e-m+fp/hard\libm.a(lib_a-s_sin.o)
                              ./Core/Src/TT_mpu6050.o (sin)
c:/st/stm32cubeide_1.10.1/stm32cubeide/plugins/com.st.stm32cube.ide.mcu.externaltools.gnu-tools-for-stm32.10.3-2021.10.win32_1.0.200.202301161003/tools/bin/../lib/gcc/arm-none-eabi/10.3.1/../../../../arm-none-eabi/lib/thumb/v7e-m+fp/hard\libm.a(lib_a-w_sqrt.o)
                              ./Core/Src/TT_mpu6050.o (sqrt)
c:/st/stm32cubeide_1.10.1/stm32cubeide/plugins/com.st.stm32cube.ide.mcu.externaltools.gnu-tools-for-stm32.10.3-2021.10.win32_1.0.200.202301161003/tools/bin/../lib/gcc/arm-none-eabi/10.3.1/../../../../arm-none-eabi/lib/thumb/v7e-m+fp/hard\libm.a(lib_a-e_rem_pio2.o)
                              c:/st/stm32cubeide_1.10.1/stm32cubeide/plugins/com.st.stm32cube.ide.mcu.externaltools.gnu-tools-for-stm32.10.3-2021.10.win32_1.0.200.202301161003/tools/bin/../lib/gcc/arm-none-eabi/10.3.1/../../../../arm-none-eabi/lib/thumb/v7e-m+fp/hard\libm.a(lib_a-s_sin.o) (__ieee754_rem_pio2)
c:/st/stm32cubeide_1.10.1/stm32cubeide/plugins/com.st.stm32cube.ide.mcu.externaltools.gnu-tools-for-stm32.10.3-2021.10.win32_1.0.200.202301161003/tools/bin/../lib/gcc/arm-none-eabi/10.3.1/../../../../arm-none-eabi/lib/thumb/v7e-m+fp/hard\libm.a(lib_a-e_sqrt.o)
[...]
Memory Configuration

Name             Origin             Length             Attributes
RAM              0x0000000020000000 0x0000000000020000 xrw
FLASH            0x0000000008000000 0x0000000000080000 xr
*default*        0x0000000000000000 0xffffffffffffffff

Linker script and memory map

LOAD c:/st/stm32cubeide_1.10.1/stm32cubeide/plugins/com.st.stm32cube.ide.mcu.externaltools.gnu-tools-for-stm32.10.3-2021.10.win32_1.0.200.202301161003/tools/bin/../lib/gcc/arm-none-eabi/10.3.1/thumb/v7e-m+fp/hard/crti.o
LOAD c:/st/stm32cubeide_1.10.1/stm32cubeide/plugins/com.st.stm32cube.ide.mcu.externaltools.gnu-tools-for-stm32.10.3-2021.10.win32_1.0.200.202301161003/tools/bin/../lib/gcc/arm-none-eabi/10.3.1/thumb/v7e-m+fp/hard/crtbegin.o
LOAD c:/st/stm32cubeide_1.10.1/stm32cubeide/plugins/com.st.stm32cube.ide.mcu.externaltools.gnu-tools-for-stm32.10.3-2021.10.win32_1.0.200.202301161003/tools/bin/../lib/gcc/arm-none-eabi/10.3.1/../../../../arm-none-eabi/lib/thumb/v7e-m+fp/hard/crt0.o
LOAD ./Core/Src/TT_mpu6050.o
LOAD ./Core/Src/main.o
LOAD ./Core/Src/stm32f4xx_hal_msp.o
LOAD ./Core/Src/stm32f4xx_it.o
LOAD ./Core/Src/syscalls.o
LOAD ./Core/Src/sysmem.o
LOAD ./Core/Src/system_stm32f4xx.o
LOAD ./Core/Startup/startup_stm32f446retx.o
LOAD ./Drivers/STM32F4xx_HAL_Driver/Src/stm32f4xx_hal.o
LOAD ./Drivers/STM32F4xx_HAL_Driver/Src/stm32f4xx_hal_cortex.o
LOAD ./Drivers/STM32F4xx_HAL_Driver/Src/stm32f4xx_hal_dma.o
LOAD ./Drivers/STM32F4xx_HAL_Driver/Src/stm32f4xx_hal_dma_ex.o
LOAD ./Drivers/STM32F4xx_HAL_Driver/Src/stm32f4xx_hal_exti.o
LOAD ./Drivers/STM32F4xx_HAL_Driver/Src/stm32f4xx_hal_flash.o
LOAD ./Drivers/STM32F4xx_HAL_Driver/Src/stm32f4xx_hal_flash_ex.o
LOAD ./Drivers/STM32F4xx_HAL_Driver/Src/stm32f4xx_hal_flash_ramfunc.o
LOAD ./Drivers/STM32F4xx_HAL_Driver/Src/stm32f4xx_hal_gpio.o
LOAD ./Drivers/STM32F4xx_HAL_Driver/Src/stm32f4xx_hal_i2c.o
LOAD ./Drivers/STM32F4xx_HAL_Driver/Src/stm32f4xx_hal_i2c_ex.o
LOAD ./Drivers/STM32F4xx_HAL_Driver/Src/stm32f4xx_hal_pwr.o
LOAD ./Drivers/STM32F4xx_HAL_Driver/Src/stm32f4xx_hal_pwr_ex.o
LOAD ./Drivers/STM32F4xx_HAL_Driver/Src/stm32f4xx_hal_rcc.o
LOAD ./Drivers/STM32F4xx_HAL_Driver/Src/stm32f4xx_hal_rcc_ex.o
LOAD ./Drivers/STM32F4xx_HAL_Driver/Src/stm32f4xx_hal_tim.o
LOAD ./Drivers/STM32F4xx_HAL_Driver/Src/stm32f4xx_hal_tim_ex.o
LOAD ./Drivers/STM32F4xx_HAL_Driver/Src/stm32f4xx_hal_uart.o
LOAD ../Middlewares/ST/ARM/DSP/Lib\libarm_cortexM4lf_math.a
START GROUP
LOAD c:/st/stm32cubeide_1.10.1/stm32cubeide/plugins/com.st.stm32cube.ide.mcu.externaltools.gnu-tools-for-stm32.10.3-2021.10.win32_1.0.200.202301161003/tools/bin/../lib/gcc/arm-none-eabi/10.3.1/../../../../arm-none-eabi/lib/thumb/v7e-m+fp/hard\libc_nano.a
LOAD c:/st/stm32cubeide_1.10.1/stm32cubeide/plugins/com.st.stm32cube.ide.mcu.externaltools.gnu-tools-for-stm32.10.3-2021.10.win32_1.0.200.202301161003/tools/bin/../lib/gcc/arm-none-eabi/10.3.1/../../../../arm-none-eabi/lib/thumb/v7e-m+fp/hard\libm.a
END GROUP
START GROUP
LOAD c:/st/stm32cubeide_1.10.1/stm32cubeide/plugins/com.st.stm32cube.ide.mcu.externaltools.gnu-tools-for-stm32.10.3-2021.10.win32_1.0.200.202301161003/tools/bin/../lib/gcc/arm-none-eabi/10.3.1/thumb/v7e-m+fp/hard\libgcc.a
LOAD c:/st/stm32cubeide_1.10.1/stm32cubeide/plugins/com.st.stm32cube.ide.mcu.externaltools.gnu-tools-for-stm32.10.3-2021.10.win32_1.0.200.202301161003/tools/bin/../lib/gcc/arm-none-eabi/10.3.1/../../../../arm-none-eabi/lib/thumb/v7e-m+fp/hard\libc_nano.a
END GROUP
START GROUP
LOAD c:/st/stm32cubeide_1.10.1/stm32cubeide/plugins/com.st.stm32cube.ide.mcu.externaltools.gnu-tools-for-stm32.10.3-2021.10.win32_1.0.200.202301161003/tools/bin/../lib/gcc/arm-none-eabi/10.3.1/thumb/v7e-m+fp/hard\libgcc.a
LOAD c:/st/stm32cubeide_1.10.1/stm32cubeide/plugins/com.st.stm32cube.ide.mcu.externaltools.gnu-tools-for-stm32.10.3-2021.10.win32_1.0.200.202301161003/tools/bin/../lib/gcc/arm-none-eabi/10.3.1/../../../../arm-none-eabi/lib/thumb/v7e-m+fp/hard\libc_nano.a
LOAD c:/st/stm32cubeide_1.10.1/stm32cubeide/plugins/com.st.stm32cube.ide.mcu.externaltools.gnu-tools-for-stm32.10.3-2021.10.win32_1.0.200.202301161003/tools/bin/../lib/gcc/arm-none-eabi/10.3.1/../../../../arm-none-eabi/lib/thumb/v7e-m+fp/hard\libnosys.a
END GROUP
START GROUP
LOAD c:/st/stm32cubeide_1.10.1/stm32cubeide/plugins/com.st.stm32cube.ide.mcu.externaltools.gnu-tools-for-stm32.10.3-2021.10.win32_1.0.200.202301161003/tools/bin/../lib/gcc/arm-none-eabi/10.3.1/thumb/v7e-m+fp/hard\libgcc.a
LOAD c:/st/stm32cubeide_1.10.1/stm32cubeide/plugins/com.st.stm32cube.ide.mcu.externaltools.gnu-tools-for-stm32.10.3-2021.10.win32_1.0.200.202301161003/tools/bin/../lib/gcc/arm-none-eabi/10.3.1/../../../../arm-none-eabi/lib/thumb/v7e-m+fp/hard\libc_nano.a
LOAD c:/st/stm32cubeide_1.10.1/stm32cubeide/plugins/com.st.stm32cube.ide.mcu.externaltools.gnu-tools-for-stm32.10.3-2021.10.win32_1.0.200.202301161003/tools/bin/../lib/gcc/arm-none-eabi/10.3.1/../../../../arm-none-eabi/lib/thumb/v7e-m+fp/hard\libnosys.a
END GROUP
LOAD c:/st/stm32cubeide_1.10.1/stm32cubeide/plugins/com.st.stm32cube.ide.mcu.externaltools.gnu-tools-for-stm32.10.3-2021.10.win32_1.0.200.202301161003/tools/bin/../lib/gcc/arm-none-eabi/10.3.1/thumb/v7e-m+fp/hard/crtend.o
LOAD c:/st/stm32cubeide_1.10.1/stm32cubeide/plugins/com.st.stm32cube.ide.mcu.externaltools.gnu-tools-for-stm32.10.3-2021.10.win32_1.0.200.202301161003/tools/bin/../lib/gcc/arm-none-eabi/10.3.1/thumb/v7e-m+fp/hard/crtn.o
                0x0000000020020000                _estack = (ORIGIN (RAM) + LENGTH (RAM))
                0x0000000000000200                _Min_Heap_Size = 0x200
                0x0000000000000400                _Min_Stack_Size = 0x400

.isr_vector     0x0000000008000000      0x1c4
                0x0000000008000000                . = ALIGN (0x4)
 *(.isr_vector)
 .isr_vector    0x0000000008000000      0x1c4 ./Core/Startup/startup_stm32f446retx.o
                0x0000000008000000                g_pfnVectors
                0x00000000080001c4                . = ALIGN (0x4)

.text           0x00000000080001c8     0x57fc
                0x00000000080001c8                . = ALIGN (0x4)
 *(.text)
 .text          0x00000000080001c8       0x40 c:/st/stm32cubeide_1.10.1/stm32cubeide/plugins/com.st.stm32cube.ide.mcu.externaltools.gnu-tools-for-stm32.10.3-2021.10.win32_1.0.200.202301161003/tools/bin/../lib/gcc/arm-none-eabi/10.3.1/thumb/v7e-m+fp/hard/crtbegin.o
 .text          0x0000000008000208      0x378 c:/st/stm32cubeide_1.10.1/stm32cubeide/plugins/com.st.stm32cube.ide.mcu.externaltools.gnu-tools-for-stm32.10.3-2021.10.win32_1.0.200.202301161003/tools/bin/../lib/gcc/arm-none-eabi/10.3.1/thumb/v7e-m+fp/hard\libgcc.a(_arm_addsubdf3.o)
                0x0000000008000208                __aeabi_drsub
                0x0000000008000210                __aeabi_dsub
                0x0000000008000210                __subdf3
                0x0000000008000214                __aeabi_dadd
                0x0000000008000214                __adddf3
                0x000000000800048c                __floatunsidf
                0x000000000800048c                __aeabi_ui2d
                0x00000000080004ac                __floatsidf
                0x00000000080004ac                __aeabi_i2d
                0x00000000080004d0                __aeabi_f2d
                0x00000000080004d0                __extendsfdf2
                0x0000000008000514                __floatundidf
                0x0000000008000514                __aeabi_ul2d
                0x0000000008000524                __floatdidf
                0x0000000008000524                __aeabi_l2d
 .text          0x0000000008000580      0x424 c:/st/stm32cubeide_1.10.1/stm32cubeide/plugins/com.st.stm32cube.ide.mcu.externaltools.gnu-tools-for-stm32.10.3-2021.10.win32_1.0.200.202301161003/tools/bin/../lib/gcc/arm-none-eabi/10.3.1/thumb/v7e-m+fp/hard\libgcc.a(_arm_muldivdf3.o)
                0x0000000008000580                __aeabi_dmul
                0x0000000008000580                __muldf3
                0x00000000080007d4                __divdf3
                0x00000000080007d4                __aeabi_ddiv
 .text          0x00000000080009a4      0x110 c:/st/stm32cubeide_1.10.1/stm32cubeide/plugins/com.st.stm32cube.ide.mcu.externaltools.gnu-tools-for-stm32.10.3-2021.10.win32_1.0.200.202301161003/tools/bin/../lib/gcc/arm-none-eabi/10.3.1/thumb/v7e-m+fp/hard\libgcc.a(_arm_cmpdf2.o)
                0x00000000080009a4                __gtdf2
                0x00000000080009a4                __gedf2
                0x00000000080009ac                __ltdf2
                0x00000000080009ac                __ledf2
                0x00000000080009b4                __nedf2
                0x00000000080009b4                __eqdf2
                0x00000000080009b4                __cmpdf2
                0x0000000008000a30                __aeabi_cdrcmple
                0x0000000008000a40                __aeabi_cdcmpeq
                0x0000000008000a40                __aeabi_cdcmple
                0x0000000008000a50                __aeabi_dcmpeq
                0x0000000008000a64                __aeabi_dcmplt
                0x0000000008000a78                __aeabi_dcmple
                0x0000000008000a8c                __aeabi_dcmpge
                0x0000000008000aa0                __aeabi_dcmpgt
 .text          0x0000000008000ab4       0x2c c:/st/stm32cubeide_1.10.1/stm32cubeide/plugins/com.st.stm32cube.ide.mcu.externaltools.gnu-tools-for-stm32.10.3-2021.10.win32_1.0.200.202301161003/tools/bin/../lib/gcc/arm-none-eabi/10.3.1/thumb/v7e-m+fp/hard\libgcc.a(_arm_unorddf2.o)
                0x0000000008000ab4                __unorddf2
                0x0000000008000ab4                __aeabi_dcmpun
 .text          0x0000000008000ae0       0x50 c:/st/stm32cubeide_1.10.1/stm32cubeide/plugins/com.st.stm32cube.ide.mcu.externaltools.gnu-tools-for-stm32.10.3-2021.10.win32_1.0.200.202301161003/tools/bin/../lib/gcc/arm-none-eabi/10.3.1/thumb/v7e-m+fp/hard\libgcc.a(_arm_fixdfsi.o)
                0x0000000008000ae0                __aeabi_d2iz
                0x0000000008000ae0                __fixdfsi
 .text          0x0000000008000b30       0xa0 c:/st/stm32cubeide_1.10.1/stm32cubeide/plugins/com.st.stm32cube.ide.mcu.externaltools.gnu-tools-for-stm32.10.3-2021.10.win32_1.0.200.202301161003/tools/bin/../lib/gcc/arm-none-eabi/10.3.1/thumb/v7e-m+fp/hard\libgcc.a(_arm_truncdfsf2.o)
                0x0000000008000b30                __truncdfsf2
                0x0000000008000b30                __aeabi_d2f
 .text          0x0000000008000bd0       0x30 c:/st/stm32cubeide_1.10.1/stm32cubeide/plugins/com.st.stm32cube.ide.mcu.externaltools.gnu-tools-for-stm32.10.3-2021.10.win32_1.0.200.202301161003/tools/bin/../lib/gcc/arm-none-eabi/10.3.1/thumb/v7e-m+fp/hard\libgcc.a(_aeabi_uldivmod.o)
                0x0000000008000bd0                __aeabi_uldivmod
 .text          0x0000000008000c00      0x2d0 c:/st/stm32cubeide_1.10.1/stm32cubeide/plugins/com.st.stm32cube.ide.mcu.externaltools.gnu-tools-for-stm32.10.3-2021.10.win32_1.0.200.202301161003/tools/bin/../lib/gcc/arm-none-eabi/10.3.1/thumb/v7e-m+fp/hard\libgcc.a(_udivmoddi4.o)
                0x0000000008000c00                __udivmoddi4
 .text          0x0000000008000ed0        0x4 c:/st/stm32cubeide_1.10.1/stm32cubeide/plugins/com.st.stm32cube.ide.mcu.externaltools.gnu-tools-for-stm32.10.3-2021.10.win32_1.0.200.202301161003/tools/bin/../lib/gcc/arm-none-eabi/10.3.1/thumb/v7e-m+fp/hard\libgcc.a(_dvmd_tls.o)
                0x0000000008000ed0                __aeabi_idiv0
                0x0000000008000ed0                __aeabi_ldiv0
 *(.text*)
 .text.TT_Init_MPU6050
                0x0000000008000ed4       0x94 ./Core/Src/TT_mpu6050.o
                0x0000000008000ed4                TT_Init_MPU6050
 .text.TT_Get_Gyro_Cal_Values
                0x0000000008000f68      0x154 ./Core/Src/TT_mpu6050.o
                0x0000000008000f68                TT_Get_Gyro_Cal_Values
 *fill*         0x00000000080010bc        0x4 
 .text.TT_Get_All_Values
                0x00000000080010c0      0x5bc ./Core/Src/TT_mpu6050.o
                0x00000000080010c0                TT_Get_All_Values
 .text.TT_Get_Pitch_Angle
                0x000000000800167c       0x1c ./Core/Src/TT_mpu6050.o
                0x000000000800167c                TT_Get_Pitch_Angle
 .text.TT_Get_Roll_Angle
                0x0000000008001698       0x1c ./Core/Src/TT_mpu6050.o
                0x0000000008001698                TT_Get_Roll_Angle
 .text.TT_Get_Yaw_Angle
                0x00000000080016b4       0x1c ./Core/Src/TT_mpu6050.o
                0x00000000080016b4                TT_Get_Yaw_Angle
 .text.main     0x00000000080016d0       0x58 ./Core/Src/main.o
                0x00000000080016d0                main
 .text.SystemClock_Config
                0x0000000008001728       0xe4 ./Core/Src/main.o
                0x0000000008001728                SystemClock_Config
 .text.MX_I2C1_Init
                0x000000000800180c       0x5c ./Core/Src/main.o
 .text.MX_USART2_UART_Init
                0x0000000008001868       0x54 ./Core/Src/main.o
 .text.MX_GPIO_Init
                0x00000000080018bc       0xdc ./Core/Src/main.o
 .text.Error_Handler
                0x0000000008001998        0xa ./Core/Src/main.o
                0x0000000008001998                Error_Handler
 *fill*         0x00000000080019a2        0x2 
 .text.HAL_MspInit
                0x00000000080019a4       0x50 ./Core/Src/stm32f4xx_hal_msp.o
                0x00000000080019a4                HAL_MspInit
 .text.HAL_I2C_MspInit
                0x00000000080019f4       0x90 ./Core/Src/stm32f4xx_hal_msp.o
                0x00000000080019f4                HAL_I2C_MspInit
 .text.HAL_UART_MspInit
                0x0000000008001a84       0x90 ./Core/Src/stm32f4xx_hal_msp.o
                0x0000000008001a84                HAL_UART_MspInit
 .text.NMI_Handler
                0x0000000008001b14        0x6 ./Core/Src/stm32f4xx_it.o
                0x0000000008001b14                NMI_Handler
 .text.HardFault_Handler
                0x0000000008001b1a        0x6 ./Core/Src/stm32f4xx_it.o
                0x0000000008001b1a                HardFault_Handler
 .text.MemManage_Handler
                0x0000000008001b20        0x6 ./Core/Src/stm32f4xx_it.o
                0x0000000008001b20                MemManage_Handler
 .text.BusFault_Handler
                0x0000000008001b26        0x6 ./Core/Src/stm32f4xx_it.o
                0x0000000008001b26                BusFault_Handler
 .text.UsageFault_Handler
                0x0000000008001b2c        0x6 ./Core/Src/stm32f4xx_it.o
                0x0000000008001b2c                UsageFault_Handler
 .text.SVC_Handler
                0x0000000008001b32        0xe ./Core/Src/stm32f4xx_it.o
                0x0000000008001b32                SVC_Handler
 .text.DebugMon_Handler
                0x0000000008001b40        0xe ./Core/Src/stm32f4xx_it.o
                0x0000000008001b40                DebugMon_Handler
 .text.PendSV_Handler
                0x0000000008001b4e        0xe ./Core/Src/stm32f4xx_it.o
                0x0000000008001b4e                PendSV_Handler
 .text.SysTick_Handler
                0x0000000008001b5c        0xc ./Core/Src/stm32f4xx_it.o
                0x0000000008001b5c                SysTick_Handler
 .text.SystemInit
                0x0000000008001b68       0x24 ./Core/Src/system_stm32f4xx.o
                0x0000000008001b68                SystemInit
 .text.Reset_Handler
                0x0000000008001b8c       0x50 ./Core/Startup/startup_stm32f446retx.o
                0x0000000008001b8c                Reset_Handler
 .text.Default_Handler
                0x0000000008001bdc        0x2 ./Core/Startup/startup_stm32f446retx.o
                0x0000000008001bdc                RTC_Alarm_IRQHandler
                0x0000000008001bdc                EXTI2_IRQHandler
                0x0000000008001bdc                TIM8_CC_IRQHandler
                0x0000000008001bdc                FMPI2C1_EV_IRQHandler
                0x0000000008001bdc                SPI4_IRQHandler
                0x0000000008001bdc                TIM1_CC_IRQHandler
                0x0000000008001bdc                DMA2_Stream5_IRQHandler
                0x0000000008001bdc                DMA1_Stream5_IRQHandler
                0x0000000008001bdc                PVD_IRQHandler
                0x0000000008001bdc                SDIO_IRQHandler
                0x0000000008001bdc                TAMP_STAMP_IRQHandler
                0x0000000008001bdc                CAN2_RX1_IRQHandler
                0x0000000008001bdc                EXTI3_IRQHandler
                0x0000000008001bdc                TIM8_TRG_COM_TIM14_IRQHandler
                0x0000000008001bdc                TIM1_UP_TIM10_IRQHandler
                0x0000000008001bdc                TIM8_UP_TIM13_IRQHandler
                0x0000000008001bdc                I2C3_ER_IRQHandler
                0x0000000008001bdc                EXTI0_IRQHandler
                0x0000000008001bdc                I2C2_EV_IRQHandler
                0x0000000008001bdc                DMA1_Stream2_IRQHandler
                0x0000000008001bdc                CAN1_RX0_IRQHandler
                0x0000000008001bdc                FPU_IRQHandler
                0x0000000008001bdc                OTG_HS_WKUP_IRQHandler
                0x0000000008001bdc                CAN2_SCE_IRQHandler
                0x0000000008001bdc                DMA2_Stream2_IRQHandler
                0x0000000008001bdc                SPI1_IRQHandler
                0x0000000008001bdc                TIM6_DAC_IRQHandler
                0x0000000008001bdc                TIM1_BRK_TIM9_IRQHandler
                0x0000000008001bdc                DCMI_IRQHandler
                0x0000000008001bdc                CAN2_RX0_IRQHandler
                0x0000000008001bdc                DMA2_Stream3_IRQHandler
                0x0000000008001bdc                SAI2_IRQHandler
                0x0000000008001bdc                USART6_IRQHandler
                0x0000000008001bdc                USART3_IRQHandler
                0x0000000008001bdc                CAN1_RX1_IRQHandler
                0x0000000008001bdc                UART5_IRQHandler
                0x0000000008001bdc                DMA2_Stream0_IRQHandler
                0x0000000008001bdc                TIM4_IRQHandler
                0x0000000008001bdc                QUADSPI_IRQHandler
                0x0000000008001bdc                I2C1_EV_IRQHandler
                0x0000000008001bdc                DMA1_Stream6_IRQHandler
                0x0000000008001bdc                DMA1_Stream1_IRQHandler
                0x0000000008001bdc                UART4_IRQHandler
                0x0000000008001bdc                TIM3_IRQHandler
                0x0000000008001bdc                RCC_IRQHandler
                0x0000000008001bdc                TIM8_BRK_TIM12_IRQHandler
                0x0000000008001bdc                Default_Handler
                0x0000000008001bdc                CEC_IRQHandler
                0x0000000008001bdc                EXTI15_10_IRQHandler
                0x0000000008001bdc                ADC_IRQHandler
                0x0000000008001bdc                DMA1_Stream7_IRQHandler
                0x0000000008001bdc                TIM7_IRQHandler
                0x0000000008001bdc                CAN2_TX_IRQHandler
                0x0000000008001bdc                TIM5_IRQHandler
                0x0000000008001bdc                DMA2_Stream7_IRQHandler
                0x0000000008001bdc                I2C3_EV_IRQHandler
                0x0000000008001bdc                EXTI9_5_IRQHandler
                0x0000000008001bdc                RTC_WKUP_IRQHandler
                0x0000000008001bdc                SPDIF_RX_IRQHandler
                0x0000000008001bdc                SPI2_IRQHandler
                0x0000000008001bdc                OTG_HS_EP1_IN_IRQHandler
                0x0000000008001bdc                DMA1_Stream0_IRQHandler
                0x0000000008001bdc                CAN1_TX_IRQHandler
                0x0000000008001bdc                FMPI2C1_ER_IRQHandler
                0x0000000008001bdc                EXTI4_IRQHandler
                0x0000000008001bdc                OTG_HS_EP1_OUT_IRQHandler
                0x0000000008001bdc                WWDG_IRQHandler
                0x0000000008001bdc                TIM2_IRQHandler
                0x0000000008001bdc                OTG_FS_WKUP_IRQHandler
                0x0000000008001bdc                TIM1_TRG_COM_TIM11_IRQHandler
                0x0000000008001bdc                OTG_HS_IRQHandler
                0x0000000008001bdc                EXTI1_IRQHandler
                0x0000000008001bdc                USART2_IRQHandler
                0x0000000008001bdc                I2C2_ER_IRQHandler
                0x0000000008001bdc                DMA2_Stream1_IRQHandler
                0x0000000008001bdc                CAN1_SCE_IRQHandler
                0x0000000008001bdc                FLASH_IRQHandler
                0x0000000008001bdc                DMA2_Stream4_IRQHandler
                0x0000000008001bdc                USART1_IRQHandler
                0x0000000008001bdc                OTG_FS_IRQHandler
                0x0000000008001bdc                SPI3_IRQHandler
                0x0000000008001bdc                DMA1_Stream4_IRQHandler
                0x0000000008001bdc                I2C1_ER_IRQHandler
                0x0000000008001bdc                FMC_IRQHandler
                0x0000000008001bdc                DMA2_Stream6_IRQHandler
                0x0000000008001bdc                SAI1_IRQHandler
                0x0000000008001bdc                DMA1_Stream3_IRQHandler
 *fill*         0x0000000008001bde        0x2 
 .text.HAL_Init
                0x0000000008001be0       0x44 ./Drivers/STM32F4xx_HAL_Driver/Src/stm32f4xx_hal.o
                0x0000000008001be0                HAL_Init
 .text.HAL_InitTick
                0x0000000008001c24       0x60 ./Drivers/STM32F4xx_HAL_Driver/Src/stm32f4xx_hal.o
                0x0000000008001c24                HAL_InitTick
 .text.HAL_IncTick
                0x0000000008001c84       0x28 ./Drivers/STM32F4xx_HAL_Driver/Src/stm32f4xx_hal.o
                0x0000000008001c84                HAL_IncTick
 .text.HAL_GetTick
                0x0000000008001cac       0x18 ./Drivers/STM32F4xx_HAL_Driver/Src/stm32f4xx_hal.o
                0x0000000008001cac                HAL_GetTick
 .text.HAL_Delay
                0x0000000008001cc4       0x48 ./Drivers/STM32F4xx_HAL_Driver/Src/stm32f4xx_hal.o
                0x0000000008001cc4                HAL_Delay
 .text.__NVIC_SetPriorityGrouping
                0x0000000008001d0c       0x48 ./Drivers/STM32F4xx_HAL_Driver/Src/stm32f4xx_hal_cortex.o
 .text.__NVIC_GetPriorityGrouping
                0x0000000008001d54       0x1c ./Drivers/STM32F4xx_HAL_Driver/Src/stm32f4xx_hal_cortex.o
 .text.__NVIC_SetPriority
                0x0000000008001d70       0x54 ./Drivers/STM32F4xx_HAL_Driver/Src/stm32f4xx_hal_cortex.o
 .text.NVIC_EncodePriority
                0x0000000008001dc4       0x66 ./Drivers/STM32F4xx_HAL_Driver/Src/stm32f4xx_hal_cortex.o
 *fill*         0x0000000008001e2a        0x2 
 .text.SysTick_Config
                0x0000000008001e2c       0x44 ./Drivers/STM32F4xx_HAL_Driver/Src/stm32f4xx_hal_cortex.o
 .text.HAL_NVIC_SetPriorityGrouping
                0x0000000008001e70       0x16 ./Drivers/STM32F4xx_HAL_Driver/Src/stm32f4xx_hal_cortex.o
                0x0000000008001e70                HAL_NVIC_SetPriorityGrouping
 .text.HAL_NVIC_SetPriority
                0x0000000008001e86       0x38 ./Drivers/STM32F4xx_HAL_Driver/Src/stm32f4xx_hal_cortex.o
                0x0000000008001e86                HAL_NVIC_SetPriority
 .text.HAL_SYSTICK_Config
                0x0000000008001ebe       0x18 ./Drivers/STM32F4xx_HAL_Driver/Src/stm32f4xx_hal_cortex.o
                0x0000000008001ebe                HAL_SYSTICK_Config
 *fill*         0x0000000008001ed6        0x2 
 .text.HAL_GPIO_Init
                0x0000000008001ed8      0x328 ./Drivers/STM32F4xx_HAL_Driver/Src/stm32f4xx_hal_gpio.o
                0x0000000008001ed8                HAL_GPIO_Init
 .text.HAL_GPIO_WritePin
                0x0000000008002200       0x32 ./Drivers/STM32F4xx_HAL_Driver/Src/stm32f4xx_hal_gpio.o
                0x0000000008002200                HAL_GPIO_WritePin
 *fill*         0x0000000008002232        0x2 
 .text.HAL_I2C_Init
                0x0000000008002234      0x288 ./Drivers/STM32F4xx_HAL_Driver/Src/stm32f4xx_hal_i2c.o
                0x0000000008002234                HAL_I2C_Init
 .text.HAL_I2C_Mem_Write
                0x00000000080024bc      0x1f4 ./Drivers/STM32F4xx_HAL_Driver/Src/stm32f4xx_hal_i2c.o
                0x00000000080024bc                HAL_I2C_Mem_Write
 .text.HAL_I2C_Mem_Read
                0x00000000080026b0      0x44c ./Drivers/STM32F4xx_HAL_Driver/Src/stm32f4xx_hal_i2c.o
                0x00000000080026b0                HAL_I2C_Mem_Read
 .text.I2C_RequestMemoryWrite
                0x0000000008002afc      0x12c ./Drivers/STM32F4xx_HAL_Driver/Src/stm32f4xx_hal_i2c.o
 .text.I2C_RequestMemoryRead
                0x0000000008002c28      0x1d0 ./Drivers/STM32F4xx_HAL_Driver/Src/stm32f4xx_hal_i2c.o
 .text.I2C_WaitOnFlagUntilTimeout
                0x0000000008002df8       0xae ./Drivers/STM32F4xx_HAL_Driver/Src/stm32f4xx_hal_i2c.o
 .text.I2C_WaitOnMasterAddressFlagUntilTimeout
                0x0000000008002ea6       0xfe ./Drivers/STM32F4xx_HAL_Driver/Src/stm32f4xx_hal_i2c.o
 .text.I2C_WaitOnTXEFlagUntilTimeout
                0x0000000008002fa4       0x82 ./Drivers/STM32F4xx_HAL_Driver/Src/stm32f4xx_hal_i2c.o
 .text.I2C_WaitOnBTFFlagUntilTimeout
                0x0000000008003026       0x82 ./Drivers/STM32F4xx_HAL_Driver/Src/stm32f4xx_hal_i2c.o
 .text.I2C_WaitOnRXNEFlagUntilTimeout
                0x00000000080030a8       0xac ./Drivers/STM32F4xx_HAL_Driver/Src/stm32f4xx_hal_i2c.o
 .text.I2C_IsAcknowledgeFailed
                0x0000000008003154       0x5e ./Drivers/STM32F4xx_HAL_Driver/Src/stm32f4xx_hal_i2c.o
 *fill*         0x00000000080031b2        0x2 
 .text.HAL_PWREx_EnableOverDrive
                0x00000000080031b4       0xa0 ./Drivers/STM32F4xx_HAL_Driver/Src/stm32f4xx_hal_pwr_ex.o
                0x00000000080031b4                HAL_PWREx_EnableOverDrive
 .text.HAL_RCC_ClockConfig
                0x0000000008003254      0x1cc ./Drivers/STM32F4xx_HAL_Driver/Src/stm32f4xx_hal_rcc.o
                0x0000000008003254                HAL_RCC_ClockConfig
 .text.HAL_RCC_GetHCLKFreq
                0x0000000008003420       0x18 ./Drivers/STM32F4xx_HAL_Driver/Src/stm32f4xx_hal_rcc.o
                0x0000000008003420                HAL_RCC_GetHCLKFreq
 .text.HAL_RCC_GetPCLK1Freq
                0x0000000008003438       0x28 ./Drivers/STM32F4xx_HAL_Driver/Src/stm32f4xx_hal_rcc.o
                0x0000000008003438                HAL_RCC_GetPCLK1Freq
 .text.HAL_RCC_GetPCLK2Freq
                0x0000000008003460       0x28 ./Drivers/STM32F4xx_HAL_Driver/Src/stm32f4xx_hal_rcc.o
                0x0000000008003460                HAL_RCC_GetPCLK2Freq
 .text.HAL_RCC_GetSysClockFreq
                0x0000000008003488      0x460 ./Drivers/STM32F4xx_HAL_Driver/Src/stm32f4xx_hal_rcc_ex.o
                0x0000000008003488                HAL_RCC_GetSysClockFreq
 .text.HAL_RCC_OscConfig
                0x00000000080038e8      0x53c ./Drivers/STM32F4xx_HAL_Driver/Src/stm32f4xx_hal_rcc_ex.o
                0x00000000080038e8                HAL_RCC_OscConfig
 .text.HAL_UART_Init
                0x0000000008003e24       0x9a ./Drivers/STM32F4xx_HAL_Driver/Src/stm32f4xx_hal_uart.o
                0x0000000008003e24                HAL_UART_Init
 *fill*         0x0000000008003ebe        0x2 
 .text.UART_SetConfig
                0x0000000008003ec0      0x4e8 ./Drivers/STM32F4xx_HAL_Driver/Src/stm32f4xx_hal_uart.o
 .text.__errno  0x00000000080043a8        0xc c:/st/stm32cubeide_1.10.1/stm32cubeide/plugins/com.st.stm32cube.ide.mcu.externaltools.gnu-tools-for-stm32.10.3-2021.10.win32_1.0.200.202301161003/tools/bin/../lib/gcc/arm-none-eabi/10.3.1/../../../../arm-none-eabi/lib/thumb/v7e-m+fp/hard\libc_nano.a(lib_a-errno.o)
                0x00000000080043a8                __errno
 .text.__libc_init_array
                0x00000000080043b4       0x48 c:/st/stm32cubeide_1.10.1/stm32cubeide/plugins/com.st.stm32cube.ide.mcu.externaltools.gnu-tools-for-stm32.10.3-2021.10.win32_1.0.200.202301161003/tools/bin/../lib/gcc/arm-none-eabi/10.3.1/../../../../arm-none-eabi/lib/thumb/v7e-m+fp/hard\libc_nano.a(lib_a-init.o)
                0x00000000080043b4                __libc_init_array
 .text.memset   0x00000000080043fc       0x10 c:/st/stm32cubeide_1.10.1/stm32cubeide/plugins/com.st.stm32cube.ide.mcu.externaltools.gnu-tools-for-stm32.10.3-2021.10.win32_1.0.200.202301161003/tools/bin/../lib/gcc/arm-none-eabi/10.3.1/../../../../arm-none-eabi/lib/thumb/v7e-m+fp/hard\libc_nano.a(lib_a-memset.o)
                0x00000000080043fc                memset
 *fill*         0x000000000800440c        0x4 
 .text.atan     0x0000000008004410      0x340 c:/st/stm32cubeide_1.10.1/stm32cubeide/plugins/com.st.stm32cube.ide.mcu.externaltools.gnu-tools-for-stm32.10.3-2021.10.win32_1.0.200.202301161003/tools/bin/../lib/gcc/arm-none-eabi/10.3.1/../../../../arm-none-eabi/lib/thumb/v7e-m+fp/hard\libm.a(lib_a-s_atan.o)
                0x0000000008004410                atan
 .text.fabs     0x0000000008004750       0x12 c:/st/stm32cubeide_1.10.1/stm32cubeide/plugins/com.st.stm32cube.ide.mcu.externaltools.gnu-tools-for-stm32.10.3-2021.10.win32_1.0.200.202301161003/tools/bin/../lib/gcc/arm-none-eabi/10.3.1/../../../../arm-none-eabi/lib/thumb/v7e-m+fp/hard\libm.a(lib_a-s_fabs.o)
                0x0000000008004750                fabs
 *fill*         0x0000000008004762        0x6 
 .text.sin      0x0000000008004768       0xb0 c:/st/stm32cubeide_1.10.1/stm32cubeide/plugins/com.st.stm32cube.ide.mcu.externaltools.gnu-tools-for-stm32.10.3-2021.10.win32_1.0.200.202301161003/tools/bin/../lib/gcc/arm-none-eabi/10.3.1/../../../../arm-none-eabi/lib/thumb/v7e-m+fp/hard\libm.a(lib_a-s_sin.o)
                0x0000000008004768                sin
 .text.sqrt     0x0000000008004818       0x58 c:/st/stm32cubeide_1.10.1/stm32cubeide/plugins/com.st.stm32cube.ide.mcu.externaltools.gnu-tools-for-stm32.10.3-2021.10.win32_1.0.200.202301161003/tools/bin/../lib/gcc/arm-none-eabi/10.3.1/../../../../arm-none-eabi/lib/thumb/v7e-m+fp/hard\libm.a(lib_a-w_sqrt.o)
                0x0000000008004818                sqrt
 .text.__ieee754_rem_pio2
                0x0000000008004870      0x418 c:/st/stm32cubeide_1.10.1/stm32cubeide/plugins/com.st.stm32cube.ide.mcu.externaltools.gnu-tools-for-stm32.10.3-2021.10.win32_1.0.200.202301161003/tools/bin/../lib/gcc/arm-none-eabi/10.3.1/../../../../arm-none-eabi/lib/thumb/v7e-m+fp/hard\libm.a(lib_a-e_rem_pio2.o)
                0x0000000008004870                __ieee754_rem_pio2
 .text.__ieee754_sqrt
                0x0000000008004c88      0x164 c:/st/stm32cubeide_1.10.1/stm32cubeide/plugins/com.st.stm32cube.ide.mcu.externaltools.gnu-tools-for-stm32.10.3-2021.10.win32_1.0.200.202301161003/tools/bin/../lib/gcc/arm-none-eabi/10.3.1/../../../../arm-none-eabi/lib/thumb/v7e-m+fp/hard\libm.a(lib_a-e_sqrt.o)
                0x0000000008004c88                __ieee754_sqrt
 *fill*         0x0000000008004dec        0x4 
 .text.__kernel_cos
                0x0000000008004df0      0x18c c:/st/stm32cubeide_1.10.1/stm32cubeide/plugins/com.st.stm32cube.ide.mcu.externaltools.gnu-tools-for-stm32.10.3-2021.10.win32_1.0.200.202301161003/tools/bin/../lib/gcc/arm-none-eabi/10.3.1/../../../../arm-none-eabi/lib/thumb/v7e-m+fp/hard\libm.a(lib_a-k_cos.o)
                0x0000000008004df0                __kernel_cos
 *fill*         0x0000000008004f7c        0x4 
 .text.__kernel_rem_pio2
                0x0000000008004f80      0x69c c:/st/stm32cubeide_1.10.1/stm32cubeide/plugins/com.st.stm32cube.ide.mcu.externaltools.gnu-tools-for-stm32.10.3-2021.10.win32_1.0.200.202301161003/tools/bin/../lib/gcc/arm-none-eabi/10.3.1/../../../../arm-none-eabi/lib/thumb/v7e-m+fp/hard\libm.a(lib_a-k_rem_pio2.o)
                0x0000000008004f80                __kernel_rem_pio2
 *fill*         0x000000000800561c        0x4 
 .text.__kernel_sin
                0x0000000008005620      0x17c c:/st/stm32cubeide_1.10.1/stm32cubeide/plugins/com.st.stm32cube.ide.mcu.externaltools.gnu-tools-for-stm32.10.3-2021.10.win32_1.0.200.202301161003/tools/bin/../lib/gcc/arm-none-eabi/10.3.1/../../../../arm-none-eabi/lib/thumb/v7e-m+fp/hard\libm.a(lib_a-k_sin.o)
                0x0000000008005620                __kernel_sin
 *fill*         0x000000000800579c        0x4 
 .text.floor    0x00000000080057a0      0x100 c:/st/stm32cubeide_1.10.1/stm32cubeide/plugins/com.st.stm32cube.ide.mcu.externaltools.gnu-tools-for-stm32.10.3-2021.10.win32_1.0.200.202301161003/tools/bin/../lib/gcc/arm-none-eabi/10.3.1/../../../../arm-none-eabi/lib/thumb/v7e-m+fp/hard\libm.a(lib_a-s_floor.o)
                0x00000000080057a0                floor
 .text.scalbn   0x00000000080058a0      0x10c c:/st/stm32cubeide_1.10.1/stm32cubeide/plugins/com.st.stm32cube.ide.mcu.externaltools.gnu-tools-for-stm32.10.3-2021.10.win32_1.0.200.202301161003/tools/bin/../lib/gcc/arm-none-eabi/10.3.1/../../../../arm-none-eabi/lib/thumb/v7e-m+fp/hard\libm.a(lib_a-s_scalbn.o)
                0x00000000080058a0                scalbn
 *(.glue_7)
 .glue_7        0x00000000080059ac        0x0 linker stubs
 *(.glue_7t)
 .glue_7t       0x00000000080059ac        0x0 linker stubs
 *(.eh_frame)
 .eh_frame      0x00000000080059ac        0x0 c:/st/stm32cubeide_1.10.1/stm32cubeide/plugins/com.st.stm32cube.ide.mcu.externaltools.gnu-tools-for-stm32.10.3-2021.10.win32_1.0.200.202301161003/tools/bin/../lib/gcc/arm-none-eabi/10.3.1/thumb/v7e-m+fp/hard/crtbegin.o
 *(.init)
 .init          0x00000000080059ac        0x4 c:/st/stm32cubeide_1.10.1/stm32cubeide/plugins/com.st.stm32cube.ide.mcu.externaltools.gnu-tools-for-stm32.10.3-2021.10.win32_1.0.200.202301161003/tools/bin/../lib/gcc/arm-none-eabi/10.3.1/thumb/v7e-m+fp/hard/crti.o
                0x00000000080059ac                _init
 .init          0x00000000080059b0        0x8 c:/st/stm32cubeide_1.10.1/stm32cubeide/plugins/com.st.stm32cube.ide.mcu.externaltools.gnu-tools-for-stm32.10.3-2021.10.win32_1.0.200.202301161003/tools/bin/../lib/gcc/arm-none-eabi/10.3.1/thumb/v7e-m+fp/hard/crtn.o
 *(.fini)
 .fini          0x00000000080059b8        0x4 c:/st/stm32cubeide_1.10.1/stm32cubeide/plugins/com.st.stm32cube.ide.mcu.externaltools.gnu-tools-for-stm32.10.3-2021.10.win32_1.0.200.202301161003/tools/bin/../lib/gcc/arm-none-eabi/10.3.1/thumb/v7e-m+fp/hard/crti.o
                0x00000000080059b8                _fini
 .fini          0x00000000080059bc        0x8 c:/st/stm32cubeide_1.10.1/stm32cubeide/plugins/com.st.stm32cube.ide.mcu.externaltools.gnu-tools-for-stm32.10.3-2021.10.win32_1.0.200.202301161003/tools/bin/../lib/gcc/arm-none-eabi/10.3.1/thumb/v7e-m+fp/hard/crtn.o
                0x00000000080059c4                . = ALIGN (0x4)
                0x00000000080059c4                _etext = .

.vfp11_veneer   0x00000000080059c4        0x0
 .vfp11_veneer  0x00000000080059c4        0x0 linker stubs

.v4_bx          0x00000000080059c4        0x0
 .v4_bx         0x00000000080059c4        0x0 linker stubs

.iplt           0x00000000080059c4        0x0
 .iplt          0x00000000080059c4        0x0 c:/st/stm32cubeide_1.10.1/stm32cubeide/plugins/com.st.stm32cube.ide.mcu.externaltools.gnu-tools-for-stm32.10.3-2021.10.win32_1.0.200.202301161003/tools/bin/../lib/gcc/arm-none-eabi/10.3.1/thumb/v7e-m+fp/hard/crtbegin.o

.rodata         0x00000000080059c8      0x230
                0x00000000080059c8                . = ALIGN (0x4)
 *(.rodata)
 *(.rodata*)
 .rodata.AHBPrescTable
                0x00000000080059c8       0x10 ./Core/Src/system_stm32f4xx.o
                0x00000000080059c8                AHBPrescTable
 .rodata.APBPrescTable
                0x00000000080059d8        0x8 ./Core/Src/system_stm32f4xx.o
                0x00000000080059d8                APBPrescTable
 .rodata.atanhi
                0x00000000080059e0       0x20 c:/st/stm32cubeide_1.10.1/stm32cubeide/plugins/com.st.stm32cube.ide.mcu.externaltools.gnu-tools-for-stm32.10.3-2021.10.win32_1.0.200.202301161003/tools/bin/../lib/gcc/arm-none-eabi/10.3.1/../../../../arm-none-eabi/lib/thumb/v7e-m+fp/hard\libm.a(lib_a-s_atan.o)
 .rodata.atanlo
                0x0000000008005a00       0x20 c:/st/stm32cubeide_1.10.1/stm32cubeide/plugins/com.st.stm32cube.ide.mcu.externaltools.gnu-tools-for-stm32.10.3-2021.10.win32_1.0.200.202301161003/tools/bin/../lib/gcc/arm-none-eabi/10.3.1/../../../../arm-none-eabi/lib/thumb/v7e-m+fp/hard\libm.a(lib_a-s_atan.o)
 .rodata.npio2_hw
                0x0000000008005a20       0x80 c:/st/stm32cubeide_1.10.1/stm32cubeide/plugins/com.st.stm32cube.ide.mcu.externaltools.gnu-tools-for-stm32.10.3-2021.10.win32_1.0.200.202301161003/tools/bin/../lib/gcc/arm-none-eabi/10.3.1/../../../../arm-none-eabi/lib/thumb/v7e-m+fp/hard\libm.a(lib_a-e_rem_pio2.o)
 .rodata.two_over_pi
                0x0000000008005aa0      0x108 c:/st/stm32cubeide_1.10.1/stm32cubeide/plugins/com.st.stm32cube.ide.mcu.externaltools.gnu-tools-for-stm32.10.3-2021.10.win32_1.0.200.202301161003/tools/bin/../lib/gcc/arm-none-eabi/10.3.1/../../../../arm-none-eabi/lib/thumb/v7e-m+fp/hard\libm.a(lib_a-e_rem_pio2.o)
 .rodata.PIo2   0x0000000008005ba8       0x40 c:/st/stm32cubeide_1.10.1/stm32cubeide/plugins/com.st.stm32cube.ide.mcu.externaltools.gnu-tools-for-stm32.10.3-2021.10.win32_1.0.200.202301161003/tools/bin/../lib/gcc/arm-none-eabi/10.3.1/../../../../arm-none-eabi/lib/thumb/v7e-m+fp/hard\libm.a(lib_a-k_rem_pio2.o)
 .rodata.init_jk
                0x0000000008005be8       0x10 c:/st/stm32cubeide_1.10.1/stm32cubeide/plugins/com.st.stm32cube.ide.mcu.externaltools.gnu-tools-for-stm32.10.3-2021.10.win32_1.0.200.202301161003/tools/bin/../lib/gcc/arm-none-eabi/10.3.1/../../../../arm-none-eabi/lib/thumb/v7e-m+fp/hard\libm.a(lib_a-k_rem_pio2.o)
                0x0000000008005bf8                . = ALIGN (0x4)

.ARM.extab      0x0000000008005bf8        0x0
                0x0000000008005bf8                . = ALIGN (0x4)
 *(.ARM.extab* .gnu.linkonce.armextab.*)
                0x0000000008005bf8                . = ALIGN (0x4)

.ARM            0x0000000008005bf8        0x8
                0x0000000008005bf8                . = ALIGN (0x4)
                0x0000000008005bf8                __exidx_start = .
 *(.ARM.exidx*)
 .ARM.exidx     0x0000000008005bf8        0x8 c:/st/stm32cubeide_1.10.1/stm32cubeide/plugins/com.st.stm32cube.ide.mcu.externaltools.gnu-tools-for-stm32.10.3-2021.10.win32_1.0.200.202301161003/tools/bin/../lib/gcc/arm-none-eabi/10.3.1/thumb/v7e-m+fp/hard\libgcc.a(_udivmoddi4.o)
                0x0000000008005c00                __exidx_end = .
                0x0000000008005c00                . = ALIGN (0x4)

.rel.dyn        0x0000000008005c00        0x0
 .rel.iplt      0x0000000008005c00        0x0 c:/st/stm32cubeide_1.10.1/stm32cubeide/plugins/com.st.stm32cube.ide.mcu.externaltools.gnu-tools-for-stm32.10.3-2021.10.win32_1.0.200.202301161003/tools/bin/../lib/gcc/arm-none-eabi/10.3.1/thumb/v7e-m+fp/hard/crtbegin.o

.preinit_array  0x0000000008005c00        0x0
                0x0000000008005c00                . = ALIGN (0x4)
                0x0000000008005c00                PROVIDE (__preinit_array_start = .)
 *(.preinit_array*)
                0x0000000008005c00                PROVIDE (__preinit_array_end = .)
                0x0000000008005c00                . = ALIGN (0x4)

.init_array     0x0000000008005c00        0x4
                0x0000000008005c00                . = ALIGN (0x4)
                0x0000000008005c00                PROVIDE (__init_array_start = .)
 *(SORT_BY_NAME(.init_array.*))
 *(.init_array*)
 .init_array    0x0000000008005c00        0x4 c:/st/stm32cubeide_1.10.1/stm32cubeide/plugins/com.st.stm32cube.ide.mcu.externaltools.gnu-tools-for-stm32.10.3-2021.10.win32_1.0.200.202301161003/tools/bin/../lib/gcc/arm-none-eabi/10.3.1/thumb/v7e-m+fp/hard/crtbegin.o
                0x0000000008005c04                PROVIDE (__init_array_end = .)
                0x0000000008005c04                . = ALIGN (0x4)

.fini_array     0x0000000008005c04        0x4
                0x0000000008005c04                . = ALIGN (0x4)
                [!provide]                        PROVIDE (__fini_array_start = .)
 *(SORT_BY_NAME(.fini_array.*))
 *(.fini_array*)
 .fini_array    0x0000000008005c04        0x4 c:/st/stm32cubeide_1.10.1/stm32cubeide/plugins/com.st.stm32cube.ide.mcu.externaltools.gnu-tools-for-stm32.10.3-2021.10.win32_1.0.200.202301161003/tools/bin/../lib/gcc/arm-none-eabi/10.3.1/thumb/v7e-m+fp/hard/crtbegin.o
                [!provide]                        PROVIDE (__fini_array_end = .)
                0x0000000008005c08                . = ALIGN (0x4)
                0x0000000008005c08                _sidata = LOADADDR (.data)

.data           0x0000000020000000       0x70 load address 0x0000000008005c08
                0x0000000020000000                . = ALIGN (0x4)
                0x0000000020000000                _sdata = .
 *(.data)
 *(.data*)
 .data.SystemCoreClock
                0x0000000020000000        0x4 ./Core/Src/system_stm32f4xx.o
                0x0000000020000000                SystemCoreClock
 .data.uwTickPrio
                0x0000000020000004        0x4 ./Drivers/STM32F4xx_HAL_Driver/Src/stm32f4xx_hal.o
                0x0000000020000004                uwTickPrio
 .data.uwTickFreq
                0x0000000020000008        0x1 ./Drivers/STM32F4xx_HAL_Driver/Src/stm32f4xx_hal.o
                0x0000000020000008                uwTickFreq
 *fill*         0x0000000020000009        0x3 
 .data._impure_ptr
                0x000000002000000c        0x4 c:/st/stm32cubeide_1.10.1/stm32cubeide/plugins/com.st.stm32cube.ide.mcu.externaltools.gnu-tools-for-stm32.10.3-2021.10.win32_1.0.200.202301161003/tools/bin/../lib/gcc/arm-none-eabi/10.3.1/../../../../arm-none-eabi/lib/thumb/v7e-m+fp/hard\libc_nano.a(lib_a-impure.o)
                0x000000002000000c                _impure_ptr
 .data.impure_data
                0x0000000020000010       0x60 c:/st/stm32cubeide_1.10.1/stm32cubeide/plugins/com.st.stm32cube.ide.mcu.externaltools.gnu-tools-for-stm32.10.3-2021.10.win32_1.0.200.202301161003/tools/bin/../lib/gcc/arm-none-eabi/10.3.1/../../../../arm-none-eabi/lib/thumb/v7e-m+fp/hard\libc_nano.a(lib_a-impure.o)
 *(.RamFunc)
 *(.RamFunc*)
                0x0000000020000070                . = ALIGN (0x4)
                0x0000000020000070                _edata = .

.igot.plt       0x0000000020000070        0x0 load address 0x0000000008005c78
 .igot.plt      0x0000000020000070        0x0 c:/st/stm32cubeide_1.10.1/stm32cubeide/plugins/com.st.stm32cube.ide.mcu.externaltools.gnu-tools-for-stm32.10.3-2021.10.win32_1.0.200.202301161003/tools/bin/../lib/gcc/arm-none-eabi/10.3.1/thumb/v7e-m+fp/hard/crtbegin.o
                0x0000000020000070                . = ALIGN (0x4)

.bss            0x0000000020000070      0x12c load address 0x0000000008005c78
                0x0000000020000070                _sbss = .
                0x0000000020000070                __bss_start__ = _sbss
 *(.bss)
 .bss           0x0000000020000070       0x1c c:/st/stm32cubeide_1.10.1/stm32cubeide/plugins/com.st.stm32cube.ide.mcu.externaltools.gnu-tools-for-stm32.10.3-2021.10.win32_1.0.200.202301161003/tools/bin/../lib/gcc/arm-none-eabi/10.3.1/thumb/v7e-m+fp/hard/crtbegin.o
 *(.bss*)
 .bss.data      0x000000002000008c        0x1 ./Core/Src/TT_mpu6050.o
                0x000000002000008c                data
 *fill*         0x000000002000008d        0x3 
 .bss.Gyro_Buffer
                0x0000000020000090        0x6 ./Core/Src/TT_mpu6050.o
                0x0000000020000090                Gyro_Buffer
 *fill*         0x0000000020000096        0x2 
 .bss.Gyro_Cal_Buffer
                0x0000000020000098        0x6 ./Core/Src/TT_mpu6050.o
                0x0000000020000098                Gyro_Cal_Buffer
 *fill*         0x000000002000009e        0x2 
 .bss.Acce_Buffer
                0x00000000200000a0        0x6 ./Core/Src/TT_mpu6050.o
                0x00000000200000a0                Acce_Buffer
 .bss.Gyro_Cal_Raw_X
                0x00000000200000a6        0x2 ./Core/Src/TT_mpu6050.o
                0x00000000200000a6                Gyro_Cal_Raw_X
 .bss.Gyro_Cal_Raw_Y
                0x00000000200000a8        0x2 ./Core/Src/TT_mpu6050.o
                0x00000000200000a8                Gyro_Cal_Raw_Y
 .bss.Gyro_Cal_Raw_Z
                0x00000000200000aa        0x2 ./Core/Src/TT_mpu6050.o
                0x00000000200000aa                Gyro_Cal_Raw_Z
 .bss.Gyro_Raw_X
                0x00000000200000ac        0x2 ./Core/Src/TT_mpu6050.o
                0x00000000200000ac                Gyro_Raw_X
 .bss.Gyro_Raw_Y
                0x00000000200000ae        0x2 ./Core/Src/TT_mpu6050.o
                0x00000000200000ae                Gyro_Raw_Y
 .bss.Gyro_Raw_Z
                0x00000000200000b0        0x2 ./Core/Src/TT_mpu6050.o
                0x00000000200000b0                Gyro_Raw_Z
 .bss.Acce_Raw_X
                0x00000000200000b2        0x2 ./Core/Src/TT_mpu6050.o
                0x00000000200000b2                Acce_Raw_X
 .bss.Acce_Raw_Y
                0x00000000200000b4        0x2 ./Core/Src/TT_mpu6050.o
                0x00000000200000b4                Acce_Raw_Y
 .bss.Acce_Raw_Z
                0x00000000200000b6        0x2 ./Core/Src/TT_mpu6050.o
                0x00000000200000b6                Acce_Raw_Z
 .bss.Gyro_X    0x00000000200000b8        0x4 ./Core/Src/TT_mpu6050.o
                0x00000000200000b8                Gyro_X
 .bss.Gyro_Y    0x00000000200000bc        0x4 ./Core/Src/TT_mpu6050.o
                0x00000000200000bc                Gyro_Y
 .bss.Gyro_Z    0x00000000200000c0        0x4 ./Core/Src/TT_mpu6050.o
                0x00000000200000c0                Gyro_Z
 .bss.Acce_X    0x00000000200000c4        0x4 ./Core/Src/TT_mpu6050.o
                0x00000000200000c4                Acce_X
 .bss.Acce_Y    0x00000000200000c8        0x4 ./Core/Src/TT_mpu6050.o
                0x00000000200000c8                Acce_Y
 .bss.Acce_Z    0x00000000200000cc        0x4 ./Core/Src/TT_mpu6050.o
                0x00000000200000cc                Acce_Z
 .bss.Gyro_Cal_X
                0x00000000200000d0        0x4 ./Core/Src/TT_mpu6050.o
                0x00000000200000d0                Gyro_Cal_X
 .bss.Gyro_Cal_Y
                0x00000000200000d4        0x4 ./Core/Src/TT_mpu6050.o
                0x00000000200000d4                Gyro_Cal_Y
 .bss.Gyro_Cal_Z
                0x00000000200000d8        0x4 ./Core/Src/TT_mpu6050.o
                0x00000000200000d8                Gyro_Cal_Z
 .bss.angle_yaw_gyro
                0x00000000200000dc        0x4 ./Core/Src/TT_mpu6050.o
                0x00000000200000dc                angle_yaw_gyro
 .bss.Angle_Pitch_Acce
                0x00000000200000e0        0x4 ./Core/Src/TT_mpu6050.o
                0x00000000200000e0                Angle_Pitch_Acce
 .bss.Angle_Roll_Acce
                0x00000000200000e4        0x4 ./Core/Src/TT_mpu6050.o
                0x00000000200000e4                Angle_Roll_Acce
 .bss.Filterd_Pitch
                0x00000000200000e8        0x4 ./Core/Src/TT_mpu6050.o
                0x00000000200000e8                Filterd_Pitch
 .bss.Filterd_Roll
                0x00000000200000ec        0x4 ./Core/Src/TT_mpu6050.o
                0x00000000200000ec                Filterd_Roll
 .bss.Time      0x00000000200000f0        0x4 ./Core/Src/TT_mpu6050.o
                0x00000000200000f0                Time
 .bss.hi2c1     0x00000000200000f4       0x54 ./Core/Src/main.o
                0x00000000200000f4                hi2c1
 .bss.huart2    0x0000000020000148       0x44 ./Core/Src/main.o
                0x0000000020000148                huart2
 .bss.pitch     0x000000002000018c        0x4 ./Core/Src/main.o
                0x000000002000018c                pitch
 .bss.roll      0x0000000020000190        0x4 ./Core/Src/main.o
                0x0000000020000190                roll
 .bss.yaw       0x0000000020000194        0x4 ./Core/Src/main.o
                0x0000000020000194                yaw
 .bss.uwTick    0x0000000020000198        0x4 ./Drivers/STM32F4xx_HAL_Driver/Src/stm32f4xx_hal.o
                0x0000000020000198                uwTick
 *(COMMON)
                0x000000002000019c                . = ALIGN (0x4)
                0x000000002000019c                _ebss = .
                0x000000002000019c                __bss_end__ = _ebss

._user_heap_stack
                0x000000002000019c      0x604 load address 0x0000000008005c78
                0x00000000200001a0                . = ALIGN (0x8)
 *fill*         0x000000002000019c        0x4 
                [!provide]                        PROVIDE (end = .)
                0x00000000200001a0                PROVIDE (_end = .)
                0x00000000200003a0                . = (. + _Min_Heap_Size)
 *fill*         0x00000000200001a0      0x200 
                0x00000000200007a0                . = (. + _Min_Stack_Size)
 *fill*         0x00000000200003a0      0x400 
                0x00000000200007a0                . = ALIGN (0x8)

/DISCARD/
 libc.a(*)
 libm.a(*)
 libgcc.a(*)

.ARM.attributes
                0x0000000000000000       0x30
 *(.ARM.attributes)
 .ARM.attributes
                0x0000000000000000       0x1e c:/st/stm32cubeide_1.10.1/stm32cubeide/plugins/com.st.stm32cube.ide.mcu.externaltools.gnu-tools-for-stm32.10.3-2021.10.win32_1.0.200.202301161003/tools/bin/../lib/gcc/arm-none-eabi/10.3.1/thumb/v7e-m+fp/hard/crti.o
 .ARM.attributes
                0x000000000000001e       0x34 c:/st/stm32cubeide_1.10.1/stm32cubeide/plugins/com.st.stm32cube.ide.mcu.externaltools.gnu-tools-for-stm32.10.3-2021.10.win32_1.0.200.202301161003/tools/bin/../lib/gcc/arm-none-eabi/10.3.1/thumb/v7e-m+fp/hard/crtbegin.o
 .ARM.attributes
                0x0000000000000052       0x34 ./Core/Src/TT_mpu6050.o
 .ARM.attributes
                0x0000000000000086       0x34 ./Core/Src/main.o
 .ARM.attributes
                0x00000000000000ba       0x34 ./Core/Src/stm32f4xx_hal_msp.o
 .ARM.attributes
                0x00000000000000ee       0x34 ./Core/Src/stm32f4xx_it.o
 .ARM.attributes
                0x0000000000000122       0x34 ./Core/Src/system_stm32f4xx.o
 .ARM.attributes
                0x0000000000000156       0x21 ./Core/Startup/startup_stm32f446retx.o
 .ARM.attributes
                0x0000000000000177       0x34 ./Drivers/STM32F4xx_HAL_Driver/Src/stm32f4xx_hal.o
 .ARM.attributes
                0x00000000000001ab       0x34 ./Drivers/STM32F4xx_HAL_Driver/Src/stm32f4xx_hal_cortex.o
 .ARM.attributes
                0x00000000000001df       0x34 ./Drivers/STM32F4xx_HAL_Driver/Src/stm32f4xx_hal_gpio.o
 .ARM.attributes
                0x0000000000000213       0x34 ./Drivers/STM32F4xx_HAL_Driver/Src/stm32f4xx_hal_i2c.o
 .ARM.attributes
                0x0000000000000247       0x34 ./Drivers/STM32F4xx_HAL_Driver/Src/stm32f4xx_hal_pwr_ex.o
 .ARM.attributes
                0x000000000000027b       0x34 ./Drivers/STM32F4xx_HAL_Driver/Src/stm32f4xx_hal_rcc.o
 .ARM.attributes
                0x00000000000002af       0x34 ./Drivers/STM32F4xx_HAL_Driver/Src/stm32f4xx_hal_rcc_ex.o
 .ARM.attributes
                0x00000000000002e3       0x34 ./Drivers/STM32F4xx_HAL_Driver/Src/stm32f4xx_hal_uart.o
 .ARM.attributes
                0x0000000000000317       0x34 c:/st/stm32cubeide_1.10.1/stm32cubeide/plugins/com.st.stm32cube.ide.mcu.externaltools.gnu-tools-for-stm32.10.3-2021.10.win32_1.0.200.202301161003/tools/bin/../lib/gcc/arm-none-eabi/10.3.1/../../../../arm-none-eabi/lib/thumb/v7e-m+fp/hard\libc_nano.a(lib_a-errno.o)
 .ARM.attributes
                0x000000000000034b       0x34 c:/st/stm32cubeide_1.10.1/stm32cubeide/plugins/com.st.stm32cube.ide.mcu.externaltools.gnu-tools-for-stm32.10.3-2021.10.win32_1.0.200.202301161003/tools/bin/../lib/gcc/arm-none-eabi/10.3.1/../../../../arm-none-eabi/lib/thumb/v7e-m+fp/hard\libc_nano.a(lib_a-impure.o)
 .ARM.attributes
                0x000000000000037f       0x34 c:/st/stm32cubeide_1.10.1/stm32cubeide/plugins/com.st.stm32cube.ide.mcu.externaltools.gnu-tools-for-stm32.10.3-2021.10.win32_1.0.200.202301161003/tools/bin/../lib/gcc/arm-none-eabi/10.3.1/../../../../arm-none-eabi/lib/thumb/v7e-m+fp/hard\libc_nano.a(lib_a-init.o)
 .ARM.attributes
                0x00000000000003b3       0x34 c:/st/stm32cubeide_1.10.1/stm32cubeide/plugins/com.st.stm32cube.ide.mcu.externaltools.gnu-tools-for-stm32.10.3-2021.10.win32_1.0.200.202301161003/tools/bin/../lib/gcc/arm-none-eabi/10.3.1/../../../../arm-none-eabi/lib/thumb/v7e-m+fp/hard\libc_nano.a(lib_a-memset.o)
 .ARM.attributes
                0x00000000000003e7       0x34 c:/st/stm32cubeide_1.10.1/stm32cubeide/plugins/com.st.stm32cube.ide.mcu.externaltools.gnu-tools-for-stm32.10.3-2021.10.win32_1.0.200.202301161003/tools/bin/../lib/gcc/arm-none-eabi/10.3.1/../../../../arm-none-eabi/lib/thumb/v7e-m+fp/hard\libm.a(lib_a-s_atan.o)
 .ARM.attributes
                0x000000000000041b       0x34 c:/st/stm32cubeide_1.10.1/stm32cubeide/plugins/com.st.stm32cube.ide.mcu.externaltools.gnu-tools-for-stm32.10.3-2021.10.win32_1.0.200.202301161003/tools/bin/../lib/gcc/arm-none-eabi/10.3.1/../../../../arm-none-eabi/lib/thumb/v7e-m+fp/hard\libm.a(lib_a-s_fabs.o)
 .ARM.attributes
                0x000000000000044f       0x34 c:/st/stm32cubeide_1.10.1/stm32cubeide/plugins/com.st.stm32cube.ide.mcu.externaltools.gnu-tools-for-stm32.10.3-2021.10.win32_1.0.200.202301161003/tools/bin/../lib/gcc/arm-none-eabi/10.3.1/../../../../arm-none-eabi/lib/thumb/v7e-m+fp/hard\libm.a(lib_a-s_sin.o)
 .ARM.attributes
                0x0000000000000483       0x34 c:/st/stm32cubeide_1.10.1/stm32cubeide/plugins/com.st.stm32cube.ide.mcu.externaltools.gnu-tools-for-stm32.10.3-2021.10.win32_1.0.200.202301161003/tools/bin/../lib/gcc/arm-none-eabi/10.3.1/../../../../arm-none-eabi/lib/thumb/v7e-m+fp/hard\libm.a(lib_a-w_sqrt.o)
 .ARM.attributes
                0x00000000000004b7       0x34 c:/st/stm32cubeide_1.10.1/stm32cubeide/plugins/com.st.stm32cube.ide.mcu.externaltools.gnu-tools-for-stm32.10.3-2021.10.win32_1.0.200.202301161003/tools/bin/../lib/gcc/arm-none-eabi/10.3.1/../../../../arm-none-eabi/lib/thumb/v7e-m+fp/hard\libm.a(lib_a-e_rem_pio2.o)
 .ARM.attributes
                0x00000000000004eb       0x34 c:/st/stm32cubeide_1.10.1/stm32cubeide/plugins/com.st.stm32cube.ide.mcu.externaltools.gnu-tools-for-stm32.10.3-2021.10.win32_1.0.200.202301161003/tools/bin/../lib/gcc/arm-none-eabi/10.3.1/../../../../arm-none-eabi/lib/thumb/v7e-m+fp/hard\libm.a(lib_a-e_sqrt.o)
 .ARM.attributes
                0x000000000000051f       0x34 c:/st/stm32cubeide_1.10.1/stm32cubeide/plugins/com.st.stm32cube.ide.mcu.externaltools.gnu-tools-for-stm32.10.3-2021.10.win32_1.0.200.202301161003/tools/bin/../lib/gcc/arm-none-eabi/10.3.1/../../../../arm-none-eabi/lib/thumb/v7e-m+fp/hard\libm.a(lib_a-k_cos.o)
 .ARM.attributes
                0x0000000000000553       0x34 c:/st/stm32cubeide_1.10.1/stm32cubeide/plugins/com.st.stm32cube.ide.mcu.externaltools.gnu-tools-for-stm32.10.3-2021.10.win32_1.0.200.202301161003/tools/bin/../lib/gcc/arm-none-eabi/10.3.1/../../../../arm-none-eabi/lib/thumb/v7e-m+fp/hard\libm.a(lib_a-k_rem_pio2.o)
 .ARM.attributes
                0x0000000000000587       0x34 c:/st/stm32cubeide_1.10.1/stm32cubeide/plugins/com.st.stm32cube.ide.mcu.externaltools.gnu-tools-for-stm32.10.3-2021.10.win32_1.0.200.202301161003/tools/bin/../lib/gcc/arm-none-eabi/10.3.1/../../../../arm-none-eabi/lib/thumb/v7e-m+fp/hard\libm.a(lib_a-k_sin.o)
 .ARM.attributes
                0x00000000000005bb       0x34 c:/st/stm32cubeide_1.10.1/stm32cubeide/plugins/com.st.stm32cube.ide.mcu.externaltools.gnu-tools-for-stm32.10.3-2021.10.win32_1.0.200.202301161003/tools/bin/../lib/gcc/arm-none-eabi/10.3.1/../../../../arm-none-eabi/lib/thumb/v7e-m+fp/hard\libm.a(lib_a-s_floor.o)
 .ARM.attributes
                0x00000000000005ef       0x34 c:/st/stm32cubeide_1.10.1/stm32cubeide/plugins/com.st.stm32cube.ide.mcu.externaltools.gnu-tools-for-stm32.10.3-2021.10.win32_1.0.200.202301161003/tools/bin/../lib/gcc/arm-none-eabi/10.3.1/../../../../arm-none-eabi/lib/thumb/v7e-m+fp/hard\libm.a(lib_a-s_scalbn.o)
 .ARM.attributes
                0x0000000000000623       0x1e c:/st/stm32cubeide_1.10.1/stm32cubeide/plugins/com.st.stm32cube.ide.mcu.externaltools.gnu-tools-for-stm32.10.3-2021.10.win32_1.0.200.202301161003/tools/bin/../lib/gcc/arm-none-eabi/10.3.1/thumb/v7e-m+fp/hard\libgcc.a(_arm_addsubdf3.o)
 .ARM.attributes
                0x0000000000000641       0x1e c:/st/stm32cubeide_1.10.1/stm32cubeide/plugins/com.st.stm32cube.ide.mcu.externaltools.gnu-tools-for-stm32.10.3-2021.10.win32_1.0.200.202301161003/tools/bin/../lib/gcc/arm-none-eabi/10.3.1/thumb/v7e-m+fp/hard\libgcc.a(_arm_muldivdf3.o)
 .ARM.attributes
                0x000000000000065f       0x1e c:/st/stm32cubeide_1.10.1/stm32cubeide/plugins/com.st.stm32cube.ide.mcu.externaltools.gnu-tools-for-stm32.10.3-2021.10.win32_1.0.200.202301161003/tools/bin/../lib/gcc/arm-none-eabi/10.3.1/thumb/v7e-m+fp/hard\libgcc.a(_arm_cmpdf2.o)
 .ARM.attributes
                0x000000000000067d       0x1e c:/st/stm32cubeide_1.10.1/stm32cubeide/plugins/com.st.stm32cube.ide.mcu.externaltools.gnu-tools-for-stm32.10.3-2021.10.win32_1.0.200.202301161003/tools/bin/../lib/gcc/arm-none-eabi/10.3.1/thumb/v7e-m+fp/hard\libgcc.a(_arm_unorddf2.o)
 .ARM.attributes
                0x000000000000069b       0x1e c:/st/stm32cubeide_1.10.1/stm32cubeide/plugins/com.st.stm32cube.ide.mcu.externaltools.gnu-tools-for-stm32.10.3-2021.10.win32_1.0.200.202301161003/tools/bin/../lib/gcc/arm-none-eabi/10.3.1/thumb/v7e-m+fp/hard\libgcc.a(_arm_fixdfsi.o)
 .ARM.attributes
                0x00000000000006b9       0x1e c:/st/stm32cubeide_1.10.1/stm32cubeide/plugins/com.st.stm32cube.ide.mcu.externaltools.gnu-tools-for-stm32.10.3-2021.10.win32_1.0.200.202301161003/tools/bin/../lib/gcc/arm-none-eabi/10.3.1/thumb/v7e-m+fp/hard\libgcc.a(_arm_truncdfsf2.o)
 .ARM.attributes
                0x00000000000006d7       0x1e c:/st/stm32cubeide_1.10.1/stm32cubeide/plugins/com.st.stm32cube.ide.mcu.externaltools.gnu-tools-for-stm32.10.3-2021.10.win32_1.0.200.202301161003/tools/bin/../lib/gcc/arm-none-eabi/10.3.1/thumb/v7e-m+fp/hard\libgcc.a(_aeabi_uldivmod.o)
 .ARM.attributes
                0x00000000000006f5       0x34 c:/st/stm32cubeide_1.10.1/stm32cubeide/plugins/com.st.stm32cube.ide.mcu.externaltools.gnu-tools-for-stm32.10.3-2021.10.win32_1.0.200.202301161003/tools/bin/../lib/gcc/arm-none-eabi/10.3.1/thumb/v7e-m+fp/hard\libgcc.a(_udivmoddi4.o)
 .ARM.attributes
                0x0000000000000729       0x1e c:/st/stm32cubeide_1.10.1/stm32cubeide/plugins/com.st.stm32cube.ide.mcu.externaltools.gnu-tools-for-stm32.10.3-2021.10.win32_1.0.200.202301161003/tools/bin/../lib/gcc/arm-none-eabi/10.3.1/thumb/v7e-m+fp/hard\libgcc.a(_dvmd_tls.o)
 .ARM.attributes
                0x0000000000000747       0x1e c:/st/stm32cubeide_1.10.1/stm32cubeide/plugins/com.st.stm32cube.ide.mcu.externaltools.gnu-tools-for-stm32.10.3-2021.10.win32_1.0.200.202301161003/tools/bin/../lib/gcc/arm-none-eabi/10.3.1/thumb/v7e-m+fp/hard/crtn.o
OUTPUT(TT_MPU6050_446_RE_LIB.elf elf32-littlearm)
LOAD linker stubs
LOAD c:/st/stm32cubeide_1.10.1/stm32cubeide/plugins/com.st.stm32cube.ide.mcu.externaltools.gnu-tools-for-stm32.10.3-2021.10.win32_1.0.200.202301161003/tools/bin/../lib/gcc/arm-none-eabi/10.3.1/../../../../arm-none-eabi/lib/thumb/v7e-m+fp/hard\libc.a
LOAD c:/st/stm32cubeide_1.10.1/stm32cubeide/plugins/com.st.stm32cube.ide.mcu.externaltools.gnu-tools-for-stm32.10.3-2021.10.win32_1.0.200.202301161003/tools/bin/../lib/gcc/arm-none-eabi/10.3.1/../../../../arm-none-eabi/lib/thumb/v7e-m+fp/hard\libm.a
LOAD c:/st/stm32cubeide_1.10.1/stm32cubeide/plugins/com.st.stm32cube.ide.mcu.externaltools.gnu-tools-for-stm32.10.3-2021.10.win32_1.0.200.202301161003/tools/bin/../lib/gcc/arm-none-eabi/10.3.1/thumb/v7e-m+fp/hard\libgcc.a

.debug_info     0x0000000000000000     0xc113
 .debug_info    0x0000000000000000      0xb51 ./Core/Src/TT_mpu6050.o
 .debug_info    0x0000000000000b51      0xfee ./Core/Src/main.o
 .debug_info    0x0000000000001b3f      0xd01 ./Core/Src/stm32f4xx_hal_msp.o
 .debug_info    0x0000000000002840      0x121 ./Core/Src/stm32f4xx_it.o
 .debug_info    0x0000000000002961      0x55b ./Core/Src/system_stm32f4xx.o
 .debug_info    0x0000000000002ebc       0x22 ./Core/Startup/startup_stm32f446retx.o
 .debug_info    0x0000000000002ede      0x9d2 ./Drivers/STM32F4xx_HAL_Driver/Src/stm32f4xx_hal.o
 .debug_info    0x00000000000038b0      0xe39 ./Drivers/STM32F4xx_HAL_Driver/Src/stm32f4xx_hal_cortex.o
 .debug_info    0x00000000000046e9      0x7be ./Drivers/STM32F4xx_HAL_Driver/Src/stm32f4xx_hal_gpio.o
 .debug_info    0x0000000000004ea7     0x2617 ./Drivers/STM32F4xx_HAL_Driver/Src/stm32f4xx_hal_i2c.o
 .debug_info    0x00000000000074be      0x702 ./Drivers/STM32F4xx_HAL_Driver/Src/stm32f4xx_hal_pwr_ex.o
 .debug_info    0x0000000000007bc0      0x9ab ./Drivers/STM32F4xx_HAL_Driver/Src/stm32f4xx_hal_rcc.o
 .debug_info    0x000000000000856b      0x9ec ./Drivers/STM32F4xx_HAL_Driver/Src/stm32f4xx_hal_rcc_ex.o
 .debug_info    0x0000000000008f57     0x31bc ./Drivers/STM32F4xx_HAL_Driver/Src/stm32f4xx_hal_uart.o

.debug_abbrev   0x0000000000000000     0x1abb
 .debug_abbrev  0x0000000000000000      0x20c ./Core/Src/TT_mpu6050.o
 .debug_abbrev  0x000000000000020c      0x283 ./Core/Src/main.o
 .debug_abbrev  0x000000000000048f      0x1b0 ./Core/Src/stm32f4xx_hal_msp.o
 .debug_abbrev  0x000000000000063f       0x74 ./Core/Src/stm32f4xx_it.o
 .debug_abbrev  0x00000000000006b3      0x116 ./Core/Src/system_stm32f4xx.o
 .debug_abbrev  0x00000000000007c9       0x12 ./Core/Startup/startup_stm32f446retx.o
 .debug_abbrev  0x00000000000007db      0x20d ./Drivers/STM32F4xx_HAL_Driver/Src/stm32f4xx_hal.o
 .debug_abbrev  0x00000000000009e8      0x316 ./Drivers/STM32F4xx_HAL_Driver/Src/stm32f4xx_hal_cortex.o
 .debug_abbrev  0x0000000000000cfe      0x1c4 ./Drivers/STM32F4xx_HAL_Driver/Src/stm32f4xx_hal_gpio.o
 .debug_abbrev  0x0000000000000ec2      0x297 ./Drivers/STM32F4xx_HAL_Driver/Src/stm32f4xx_hal_i2c.o
 .debug_abbrev  0x0000000000001159      0x1c9 ./Drivers/STM32F4xx_HAL_Driver/Src/stm32f4xx_hal_pwr_ex.o
 .debug_abbrev  0x0000000000001322      0x2aa ./Drivers/STM32F4xx_HAL_Driver/Src/stm32f4xx_hal_rcc.o
 .debug_abbrev  0x00000000000015cc      0x1fb ./Drivers/STM32F4xx_HAL_Driver/Src/stm32f4xx_hal_rcc_ex.o
 .debug_abbrev  0x00000000000017c7      0x2f4 ./Drivers/STM32F4xx_HAL_Driver/Src/stm32f4xx_hal_uart.o

.debug_aranges  0x0000000000000000      0x9e0
 .debug_aranges
                0x0000000000000000       0x48 ./Core/Src/TT_mpu6050.o
 .debug_aranges
                0x0000000000000048       0x48 ./Core/Src/main.o
 .debug_aranges
                0x0000000000000090       0x40 ./Core/Src/stm32f4xx_hal_msp.o
 .debug_aranges
                0x00000000000000d0       0x60 ./Core/Src/stm32f4xx_it.o
 .debug_aranges
                0x0000000000000130       0x28 ./Core/Src/system_stm32f4xx.o
 .debug_aranges
                0x0000000000000158       0x28 ./Core/Startup/startup_stm32f446retx.o
 .debug_aranges
                0x0000000000000180       0xf0 ./Drivers/STM32F4xx_HAL_Driver/Src/stm32f4xx_hal.o
 .debug_aranges
                0x0000000000000270      0x118 ./Drivers/STM32F4xx_HAL_Driver/Src/stm32f4xx_hal_cortex.o
 .debug_aranges
                0x0000000000000388       0x58 ./Drivers/STM32F4xx_HAL_Driver/Src/stm32f4xx_hal_gpio.o
 .debug_aranges
                0x00000000000003e0      0x2a0 ./Drivers/STM32F4xx_HAL_Driver/Src/stm32f4xx_hal_i2c.o
 .debug_aranges
                0x0000000000000680       0x60 ./Drivers/STM32F4xx_HAL_Driver/Src/stm32f4xx_hal_pwr_ex.o
 .debug_aranges
                0x00000000000006e0       0x88 ./Drivers/STM32F4xx_HAL_Driver/Src/stm32f4xx_hal_rcc.o
 .debug_aranges
                0x0000000000000768       0x78 ./Drivers/STM32F4xx_HAL_Driver/Src/stm32f4xx_hal_rcc_ex.o
 .debug_aranges
                0x00000000000007e0      0x200 ./Drivers/STM32F4xx_HAL_Driver/Src/stm32f4xx_hal_uart.o

.debug_ranges   0x0000000000000000      0x950
 .debug_ranges  0x0000000000000000       0x38 ./Core/Src/TT_mpu6050.o
 .debug_ranges  0x0000000000000038       0x38 ./Core/Src/main.o
 .debug_ranges  0x0000000000000070       0x30 ./Core/Src/stm32f4xx_hal_msp.o
 .debug_ranges  0x00000000000000a0       0x50 ./Core/Src/stm32f4xx_it.o
 .debug_ranges  0x00000000000000f0       0x18 ./Core/Src/system_stm32f4xx.o
 .debug_ranges  0x0000000000000108       0x20 ./Core/Startup/startup_stm32f446retx.o
 .debug_ranges  0x0000000000000128       0xe0 ./Drivers/STM32F4xx_HAL_Driver/Src/stm32f4xx_hal.o
 .debug_ranges  0x0000000000000208      0x108 ./Drivers/STM32F4xx_HAL_Driver/Src/stm32f4xx_hal_cortex.o
 .debug_ranges  0x0000000000000310       0x48 ./Drivers/STM32F4xx_HAL_Driver/Src/stm32f4xx_hal_gpio.o
 .debug_ranges  0x0000000000000358      0x2a8 ./Drivers/STM32F4xx_HAL_Driver/Src/stm32f4xx_hal_i2c.o
 .debug_ranges  0x0000000000000600       0x50 ./Drivers/STM32F4xx_HAL_Driver/Src/stm32f4xx_hal_pwr_ex.o
 .debug_ranges  0x0000000000000650       0x78 ./Drivers/STM32F4xx_HAL_Driver/Src/stm32f4xx_hal_rcc.o
 .debug_ranges  0x00000000000006c8       0x68 ./Drivers/STM32F4xx_HAL_Driver/Src/stm32f4xx_hal_rcc_ex.o
 .debug_ranges  0x0000000000000730      0x220 ./Drivers/STM32F4xx_HAL_Driver/Src/stm32f4xx_hal_uart.o

.debug_macro    0x0000000000000000    0x214bd
 .debug_macro   0x0000000000000000      0x28d ./Core/Src/TT_mpu6050.o
 .debug_macro   0x000000000000028d      0xa7e ./Core/Src/TT_mpu6050.o
 .debug_macro   0x0000000000000d0b      0x29b ./Core/Src/TT_mpu6050.o
 .debug_macro   0x0000000000000fa6       0x2e ./Core/Src/TT_mpu6050.o
 .debug_macro   0x0000000000000fd4       0x28 ./Core/Src/TT_mpu6050.o
 .debug_macro   0x0000000000000ffc       0x22 ./Core/Src/TT_mpu6050.o
 .debug_macro   0x000000000000101e       0x8e ./Core/Src/TT_mpu6050.o
 .debug_macro   0x00000000000010ac       0x51 ./Core/Src/TT_mpu6050.o
 .debug_macro   0x00000000000010fd      0x103 ./Core/Src/TT_mpu6050.o
 .debug_macro   0x0000000000001200       0x6a ./Core/Src/TT_mpu6050.o
 .debug_macro   0x000000000000126a      0x1df ./Core/Src/TT_mpu6050.o
 .debug_macro   0x0000000000001449       0x1c ./Core/Src/TT_mpu6050.o
 .debug_macro   0x0000000000001465       0x22 ./Core/Src/TT_mpu6050.o
 .debug_macro   0x0000000000001487       0xd9 ./Core/Src/TT_mpu6050.o
 .debug_macro   0x0000000000001560     0x102d ./Core/Src/TT_mpu6050.o
 .debug_macro   0x000000000000258d      0x11f ./Core/Src/TT_mpu6050.o
 .debug_macro   0x00000000000026ac    0x16749 ./Core/Src/TT_mpu6050.o
 .debug_macro   0x0000000000018df5       0x6d ./Core/Src/TT_mpu6050.o
 .debug_macro   0x0000000000018e62     0x367e ./Core/Src/TT_mpu6050.o
 .debug_macro   0x000000000001c4e0      0x174 ./Core/Src/TT_mpu6050.o
 .debug_macro   0x000000000001c654       0x5c ./Core/Src/TT_mpu6050.o
 .debug_macro   0x000000000001c6b0      0xc90 ./Core/Src/TT_mpu6050.o
 .debug_macro   0x000000000001d340      0x9fe ./Core/Src/TT_mpu6050.o
 .debug_macro   0x000000000001dd3e      0x115 ./Core/Src/TT_mpu6050.o
 .debug_macro   0x000000000001de53      0x1a0 ./Core/Src/TT_mpu6050.o
 .debug_macro   0x000000000001dff3       0xa5 ./Core/Src/TT_mpu6050.o
 .debug_macro   0x000000000001e098      0x16d ./Core/Src/TT_mpu6050.o
 .debug_macro   0x000000000001e205      0x287 ./Core/Src/TT_mpu6050.o
 .debug_macro   0x000000000001e48c       0x5f ./Core/Src/TT_mpu6050.o
 .debug_macro   0x000000000001e4eb      0x236 ./Core/Src/TT_mpu6050.o
 .debug_macro   0x000000000001e721      0x132 ./Core/Src/TT_mpu6050.o
 .debug_macro   0x000000000001e853      0x29c ./Core/Src/TT_mpu6050.o
 .debug_macro   0x000000000001eaef       0x2e ./Core/Src/TT_mpu6050.o
 .debug_macro   0x000000000001eb1d      0x1b5 ./Core/Src/TT_mpu6050.o
 .debug_macro   0x000000000001ecd2       0x22 ./Core/Src/TT_mpu6050.o
 .debug_macro   0x000000000001ecf4       0xd6 ./Core/Src/TT_mpu6050.o
 .debug_macro   0x000000000001edca      0x11a ./Core/Src/TT_mpu6050.o
 .debug_macro   0x000000000001eee4       0xe8 ./Core/Src/TT_mpu6050.o
 .debug_macro   0x000000000001efcc       0x89 ./Core/Src/TT_mpu6050.o
 .debug_macro   0x000000000001f055      0x295 ./Core/Src/TT_mpu6050.o
 .debug_macro   0x000000000001f2ea      0x126 ./Core/Src/TT_mpu6050.o
 .debug_macro   0x000000000001f410       0x52 ./Core/Src/TT_mpu6050.o
 .debug_macro   0x000000000001f462       0x1e ./Core/Src/TT_mpu6050.o
 .debug_macro   0x000000000001f480       0x3c ./Core/Src/TT_mpu6050.o
 .debug_macro   0x000000000001f4bc       0x34 ./Core/Src/TT_mpu6050.o
 .debug_macro   0x000000000001f4f0       0x16 ./Core/Src/TT_mpu6050.o
 .debug_macro   0x000000000001f506       0x43 ./Core/Src/TT_mpu6050.o
 .debug_macro   0x000000000001f549       0x34 ./Core/Src/TT_mpu6050.o
 .debug_macro   0x000000000001f57d       0x10 ./Core/Src/TT_mpu6050.o
 .debug_macro   0x000000000001f58d       0x58 ./Core/Src/TT_mpu6050.o
 .debug_macro   0x000000000001f5e5       0x71 ./Core/Src/TT_mpu6050.o
 .debug_macro   0x000000000001f656       0x1c ./Core/Src/TT_mpu6050.o
 .debug_macro   0x000000000001f672      0x12a ./Core/Src/TT_mpu6050.o
 .debug_macro   0x000000000001f79c      0x341 ./Core/Src/TT_mpu6050.o
 .debug_macro   0x000000000001fadd      0x19b ./Core/Src/TT_mpu6050.o
 .debug_macro   0x000000000001fc78       0x2e ./Core/Src/TT_mpu6050.o
 .debug_macro   0x000000000001fca6      0x29c ./Core/Src/main.o
 .debug_macro   0x000000000001ff42       0x58 ./Core/Src/main.o
 .debug_macro   0x000000000001ff9a      0x1e2 ./Core/Src/stm32f4xx_hal_msp.o
 .debug_macro   0x000000000002017c      0x1ec ./Core/Src/stm32f4xx_it.o
 .debug_macro   0x0000000000020368      0x1d3 ./Core/Src/system_stm32f4xx.o
 .debug_macro   0x000000000002053b      0x233 ./Drivers/STM32F4xx_HAL_Driver/Src/stm32f4xx_hal.o
 .debug_macro   0x000000000002076e      0x1d3 ./Drivers/STM32F4xx_HAL_Driver/Src/stm32f4xx_hal_cortex.o
 .debug_macro   0x0000000000020941      0x1d9 ./Drivers/STM32F4xx_HAL_Driver/Src/stm32f4xx_hal_gpio.o
 .debug_macro   0x0000000000020b1a      0x21a ./Drivers/STM32F4xx_HAL_Driver/Src/stm32f4xx_hal_i2c.o
 .debug_macro   0x0000000000020d34      0x1eb ./Drivers/STM32F4xx_HAL_Driver/Src/stm32f4xx_hal_pwr_ex.o
 .debug_macro   0x0000000000020f1f      0x1f7 ./Drivers/STM32F4xx_HAL_Driver/Src/stm32f4xx_hal_rcc.o
 .debug_macro   0x0000000000021116      0x1d3 ./Drivers/STM32F4xx_HAL_Driver/Src/stm32f4xx_hal_rcc_ex.o
 .debug_macro   0x00000000000212e9      0x1d4 ./Drivers/STM32F4xx_HAL_Driver/Src/stm32f4xx_hal_uart.o

.debug_line     0x0000000000000000     0xd936
 .debug_line    0x0000000000000000      0xa9d ./Core/Src/TT_mpu6050.o
 .debug_line    0x0000000000000a9d      0x95c ./Core/Src/main.o
 .debug_line    0x00000000000013f9      0x75f ./Core/Src/stm32f4xx_hal_msp.o
 .debug_line    0x0000000000001b58      0x786 ./Core/Src/stm32f4xx_it.o
 .debug_line    0x00000000000022de      0x745 ./Core/Src/system_stm32f4xx.o
 .debug_line    0x0000000000002a23       0x88 ./Core/Startup/startup_stm32f446retx.o
 .debug_line    0x0000000000002aab      0x9ab ./Drivers/STM32F4xx_HAL_Driver/Src/stm32f4xx_hal.o
 .debug_line    0x0000000000003456      0xc5a ./Drivers/STM32F4xx_HAL_Driver/Src/stm32f4xx_hal_cortex.o
 .debug_line    0x00000000000040b0      0xb0b ./Drivers/STM32F4xx_HAL_Driver/Src/stm32f4xx_hal_gpio.o
 .debug_line    0x0000000000004bbb     0x3960 ./Drivers/STM32F4xx_HAL_Driver/Src/stm32f4xx_hal_i2c.o
 .debug_line    0x000000000000851b      0x8da ./Drivers/STM32F4xx_HAL_Driver/Src/stm32f4xx_hal_pwr_ex.o
 .debug_line    0x0000000000008df5      0xd33 ./Drivers/STM32F4xx_HAL_Driver/Src/stm32f4xx_hal_rcc.o
 .debug_line    0x0000000000009b28     0x13be ./Drivers/STM32F4xx_HAL_Driver/Src/stm32f4xx_hal_rcc_ex.o
 .debug_line    0x000000000000aee6     0x2a50 ./Drivers/STM32F4xx_HAL_Driver/Src/stm32f4xx_hal_uart.o

.debug_str      0x0000000000000000    0xca398
 .debug_str     0x0000000000000000    0xc7412 ./Core/Src/TT_mpu6050.o
                                      0xc7722 (size before relaxing)
 .debug_str     0x00000000000c7412      0x630 ./Core/Src/main.o
                                      0xc7b84 (size before relaxing)
 .debug_str     0x00000000000c7a42       0xaa ./Core/Src/stm32f4xx_hal_msp.o
                                      0xc42d5 (size before relaxing)
 .debug_str     0x00000000000c7aec       0xc9 ./Core/Src/stm32f4xx_it.o
                                      0xc3a85 (size before relaxing)
 .debug_str     0x00000000000c7bb5       0xdb ./Core/Src/system_stm32f4xx.o
                                      0xc3aae (size before relaxing)
 .debug_str     0x00000000000c7c90       0x36 ./Core/Startup/startup_stm32f446retx.o
                                         0x69 (size before relaxing)
 .debug_str     0x00000000000c7cc6      0xb05 ./Drivers/STM32F4xx_HAL_Driver/Src/stm32f4xx_hal.o
                                      0xc4673 (size before relaxing)
 .debug_str     0x00000000000c87cb      0x354 ./Drivers/STM32F4xx_HAL_Driver/Src/stm32f4xx_hal_cortex.o
                                      0xc4381 (size before relaxing)
 .debug_str     0x00000000000c8b1f      0x121 ./Drivers/STM32F4xx_HAL_Driver/Src/stm32f4xx_hal_gpio.o
                                      0xc3c29 (size before relaxing)
 .debug_str     0x00000000000c8c40      0xaf2 ./Drivers/STM32F4xx_HAL_Driver/Src/stm32f4xx_hal_i2c.o
                                      0xc4a59 (size before relaxing)
 .debug_str     0x00000000000c9732      0x135 ./Drivers/STM32F4xx_HAL_Driver/Src/stm32f4xx_hal_pwr_ex.o
                                      0xc3c86 (size before relaxing)
 .debug_str     0x00000000000c9867      0x213 ./Drivers/STM32F4xx_HAL_Driver/Src/stm32f4xx_hal_rcc.o
                                      0xc3ee7 (size before relaxing)
 .debug_str     0x00000000000c9a7a      0x31c ./Drivers/STM32F4xx_HAL_Driver/Src/stm32f4xx_hal_rcc_ex.o
                                      0xc3f1a (size before relaxing)
 .debug_str     0x00000000000c9d96      0x602 ./Drivers/STM32F4xx_HAL_Driver/Src/stm32f4xx_hal_uart.o
                                      0xc445c (size before relaxing)

.comment        0x0000000000000000       0x50
 .comment       0x0000000000000000       0x50 ./Core/Src/TT_mpu6050.o
                                         0x51 (size before relaxing)
 .comment       0x0000000000000050       0x51 ./Core/Src/main.o
 .comment       0x0000000000000050       0x51 ./Core/Src/stm32f4xx_hal_msp.o
 .comment       0x0000000000000050       0x51 ./Core/Src/stm32f4xx_it.o
 .comment       0x0000000000000050       0x51 ./Core/Src/system_stm32f4xx.o
 .comment       0x0000000000000050       0x51 ./Drivers/STM32F4xx_HAL_Driver/Src/stm32f4xx_hal.o
 .comment       0x0000000000000050       0x51 ./Drivers/STM32F4xx_HAL_Driver/Src/stm32f4xx_hal_cortex.o
 .comment       0x0000000000000050       0x51 ./Drivers/STM32F4xx_HAL_Driver/Src/stm32f4xx_hal_gpio.o
 .comment       0x0000000000000050       0x51 ./Drivers/STM32F4xx_HAL_Driver/Src/stm32f4xx_hal_i2c.o
 .comment       0x0000000000000050       0x51 ./Drivers/STM32F4xx_HAL_Driver/Src/stm32f4xx_hal_pwr_ex.o
 .comment       0x0000000000000050       0x51 ./Drivers/STM32F4xx_HAL_Driver/Src/stm32f4xx_hal_rcc.o
 .comment       0x0000000000000050       0x51 ./Drivers/STM32F4xx_HAL_Driver/Src/stm32f4xx_hal_rcc_ex.o
 .comment       0x0000000000000050       0x51 ./Drivers/STM32F4xx_HAL_Driver/Src/stm32f4xx_hal_uart.o

.debug_frame    0x0000000000000000     0x2d50
 .debug_frame   0x0000000000000000       0xdc ./Core/Src/TT_mpu6050.o
 .debug_frame   0x00000000000000dc       0xc4 ./Core/Src/main.o
 .debug_frame   0x00000000000001a0       0xc4 ./Core/Src/stm32f4xx_hal_msp.o
 .debug_frame   0x0000000000000264      0x104 ./Core/Src/stm32f4xx_it.o
 .debug_frame   0x0000000000000368       0x58 ./Core/Src/system_stm32f4xx.o
 .debug_frame   0x00000000000003c0      0x374 ./Drivers/STM32F4xx_HAL_Driver/Src/stm32f4xx_hal.o
 .debug_frame   0x0000000000000734      0x498 ./Drivers/STM32F4xx_HAL_Driver/Src/stm32f4xx_hal_cortex.o
 .debug_frame   0x0000000000000bcc      0x14c ./Drivers/STM32F4xx_HAL_Driver/Src/stm32f4xx_hal_gpio.o
 .debug_frame   0x0000000000000d18      0xc5c ./Drivers/STM32F4xx_HAL_Driver/Src/stm32f4xx_hal_i2c.o
 .debug_frame   0x0000000000001974      0x14c ./Drivers/STM32F4xx_HAL_Driver/Src/stm32f4xx_hal_pwr_ex.o
 .debug_frame   0x0000000000001ac0      0x1f4 ./Drivers/STM32F4xx_HAL_Driver/Src/stm32f4xx_hal_rcc.o
 .debug_frame   0x0000000000001cb4      0x1e8 ./Drivers/STM32F4xx_HAL_Driver/Src/stm32f4xx_hal_rcc_ex.o
 .debug_frame   0x0000000000001e9c      0x92c ./Drivers/STM32F4xx_HAL_Driver/Src/stm32f4xx_hal_uart.o
 .debug_frame   0x00000000000027c8       0x20 c:/st/stm32cubeide_1.10.1/stm32cubeide/plugins/com.st.stm32cube.ide.mcu.externaltools.gnu-tools-for-stm32.10.3-2021.10.win32_1.0.200.202301161003/tools/bin/../lib/gcc/arm-none-eabi/10.3.1/../../../../arm-none-eabi/lib/thumb/v7e-m+fp/hard\libc_nano.a(lib_a-errno.o)
 .debug_frame   0x00000000000027e8       0x2c c:/st/stm32cubeide_1.10.1/stm32cubeide/plugins/com.st.stm32cube.ide.mcu.externaltools.gnu-tools-for-stm32.10.3-2021.10.win32_1.0.200.202301161003/tools/bin/../lib/gcc/arm-none-eabi/10.3.1/../../../../arm-none-eabi/lib/thumb/v7e-m+fp/hard\libc_nano.a(lib_a-init.o)
 .debug_frame   0x0000000000002814       0x20 c:/st/stm32cubeide_1.10.1/stm32cubeide/plugins/com.st.stm32cube.ide.mcu.externaltools.gnu-tools-for-stm32.10.3-2021.10.win32_1.0.200.202301161003/tools/bin/../lib/gcc/arm-none-eabi/10.3.1/../../../../arm-none-eabi/lib/thumb/v7e-m+fp/hard\libc_nano.a(lib_a-memset.o)
 .debug_frame   0x0000000000002834       0x38 c:/st/stm32cubeide_1.10.1/stm32cubeide/plugins/com.st.stm32cube.ide.mcu.externaltools.gnu-tools-for-stm32.10.3-2021.10.win32_1.0.200.202301161003/tools/bin/../lib/gcc/arm-none-eabi/10.3.1/../../../../arm-none-eabi/lib/thumb/v7e-m+fp/hard\libm.a(lib_a-s_atan.o)
 .debug_frame   0x000000000000286c       0x20 c:/st/stm32cubeide_1.10.1/stm32cubeide/plugins/com.st.stm32cube.ide.mcu.externaltools.gnu-tools-for-stm32.10.3-2021.10.win32_1.0.200.202301161003/tools/bin/../lib/gcc/arm-none-eabi/10.3.1/../../../../arm-none-eabi/lib/thumb/v7e-m+fp/hard\libm.a(lib_a-s_fabs.o)
 .debug_frame   0x000000000000288c       0x38 c:/st/stm32cubeide_1.10.1/stm32cubeide/plugins/com.st.stm32cube.ide.mcu.externaltools.gnu-tools-for-stm32.10.3-2021.10.win32_1.0.200.202301161003/tools/bin/../lib/gcc/arm-none-eabi/10.3.1/../../../../arm-none-eabi/lib/thumb/v7e-m+fp/hard\libm.a(lib_a-s_sin.o)
 .debug_frame   0x00000000000028c4       0x3c c:/st/stm32cubeide_1.10.1/stm32cubeide/plugins/com.st.stm32cube.ide.mcu.externaltools.gnu-tools-for-stm32.10.3-2021.10.win32_1.0.200.202301161003/tools/bin/../lib/gcc/arm-none-eabi/10.3.1/../../../../arm-none-eabi/lib/thumb/v7e-m+fp/hard\libm.a(lib_a-w_sqrt.o)
 .debug_frame   0x0000000000002900       0x50 c:/st/stm32cubeide_1.10.1/stm32cubeide/plugins/com.st.stm32cube.ide.mcu.externaltools.gnu-tools-for-stm32.10.3-2021.10.win32_1.0.200.202301161003/tools/bin/../lib/gcc/arm-none-eabi/10.3.1/../../../../arm-none-eabi/lib/thumb/v7e-m+fp/hard\libm.a(lib_a-e_rem_pio2.o)
 .debug_frame   0x0000000000002950       0x30 c:/st/stm32cubeide_1.10.1/stm32cubeide/plugins/com.st.stm32cube.ide.mcu.externaltools.gnu-tools-for-stm32.10.3-2021.10.win32_1.0.200.202301161003/tools/bin/../lib/gcc/arm-none-eabi/10.3.1/../../../../arm-none-eabi/lib/thumb/v7e-m+fp/hard\libm.a(lib_a-e_sqrt.o)
 .debug_frame   0x0000000000002980       0x3c c:/st/stm32cubeide_1.10.1/stm32cubeide/plugins/com.st.stm32cube.ide.mcu.externaltools.gnu-tools-for-stm32.10.3-2021.10.win32_1.0.200.202301161003/tools/bin/../lib/gcc/arm-none-eabi/10.3.1/../../../../arm-none-eabi/lib/thumb/v7e-m+fp/hard\libm.a(lib_a-k_cos.o)
 .debug_frame   0x00000000000029bc       0x54 c:/st/stm32cubeide_1.10.1/stm32cubeide/plugins/com.st.stm32cube.ide.mcu.externaltools.gnu-tools-for-stm32.10.3-2021.10.win32_1.0.200.202301161003/tools/bin/../lib/gcc/arm-none-eabi/10.3.1/../../../../arm-none-eabi/lib/thumb/v7e-m+fp/hard\libm.a(lib_a-k_rem_pio2.o)
 .debug_frame   0x0000000000002a10       0x5c c:/st/stm32cubeide_1.10.1/stm32cubeide/plugins/com.st.stm32cube.ide.mcu.externaltools.gnu-tools-for-stm32.10.3-2021.10.win32_1.0.200.202301161003/tools/bin/../lib/gcc/arm-none-eabi/10.3.1/../../../../arm-none-eabi/lib/thumb/v7e-m+fp/hard\libm.a(lib_a-k_sin.o)
 .debug_frame   0x0000000000002a6c       0x30 c:/st/stm32cubeide_1.10.1/stm32cubeide/plugins/com.st.stm32cube.ide.mcu.externaltools.gnu-tools-for-stm32.10.3-2021.10.win32_1.0.200.202301161003/tools/bin/../lib/gcc/arm-none-eabi/10.3.1/../../../../arm-none-eabi/lib/thumb/v7e-m+fp/hard\libm.a(lib_a-s_floor.o)
 .debug_frame   0x0000000000002a9c       0x2c c:/st/stm32cubeide_1.10.1/stm32cubeide/plugins/com.st.stm32cube.ide.mcu.externaltools.gnu-tools-for-stm32.10.3-2021.10.win32_1.0.200.202301161003/tools/bin/../lib/gcc/arm-none-eabi/10.3.1/../../../../arm-none-eabi/lib/thumb/v7e-m+fp/hard\libm.a(lib_a-s_scalbn.o)
 .debug_frame   0x0000000000002ac8       0xac c:/st/stm32cubeide_1.10.1/stm32cubeide/plugins/com.st.stm32cube.ide.mcu.externaltools.gnu-tools-for-stm32.10.3-2021.10.win32_1.0.200.202301161003/tools/bin/../lib/gcc/arm-none-eabi/10.3.1/thumb/v7e-m+fp/hard\libgcc.a(_arm_addsubdf3.o)
 .debug_frame   0x0000000000002b74       0x50 c:/st/stm32cubeide_1.10.1/stm32cubeide/plugins/com.st.stm32cube.ide.mcu.externaltools.gnu-tools-for-stm32.10.3-2021.10.win32_1.0.200.202301161003/tools/bin/../lib/gcc/arm-none-eabi/10.3.1/thumb/v7e-m+fp/hard\libgcc.a(_arm_muldivdf3.o)
 .debug_frame   0x0000000000002bc4       0xc4 c:/st/stm32cubeide_1.10.1/stm32cubeide/plugins/com.st.stm32cube.ide.mcu.externaltools.gnu-tools-for-stm32.10.3-2021.10.win32_1.0.200.202301161003/tools/bin/../lib/gcc/arm-none-eabi/10.3.1/thumb/v7e-m+fp/hard\libgcc.a(_arm_cmpdf2.o)
 .debug_frame   0x0000000000002c88       0x20 c:/st/stm32cubeide_1.10.1/stm32cubeide/plugins/com.st.stm32cube.ide.mcu.externaltools.gnu-tools-for-stm32.10.3-2021.10.win32_1.0.200.202301161003/tools/bin/../lib/gcc/arm-none-eabi/10.3.1/thumb/v7e-m+fp/hard\libgcc.a(_arm_unorddf2.o)
 .debug_frame   0x0000000000002ca8       0x24 c:/st/stm32cubeide_1.10.1/stm32cubeide/plugins/com.st.stm32cube.ide.mcu.externaltools.gnu-tools-for-stm32.10.3-2021.10.win32_1.0.200.202301161003/tools/bin/../lib/gcc/arm-none-eabi/10.3.1/thumb/v7e-m+fp/hard\libgcc.a(_arm_fixdfsi.o)
 .debug_frame   0x0000000000002ccc       0x24 c:/st/stm32cubeide_1.10.1/stm32cubeide/plugins/com.st.stm32cube.ide.mcu.externaltools.gnu-tools-for-stm32.10.3-2021.10.win32_1.0.200.202301161003/tools/bin/../lib/gcc/arm-none-eabi/10.3.1/thumb/v7e-m+fp/hard\libgcc.a(_arm_truncdfsf2.o)
 .debug_frame   0x0000000000002cf0       0x2c c:/st/stm32cubeide_1.10.1/stm32cubeide/plugins/com.st.stm32cube.ide.mcu.externaltools.gnu-tools-for-stm32.10.3-2021.10.win32_1.0.200.202301161003/tools/bin/../lib/gcc/arm-none-eabi/10.3.1/thumb/v7e-m+fp/hard\libgcc.a(_aeabi_uldivmod.o)
 .debug_frame   0x0000000000002d1c       0x34 c:/st/stm32cubeide_1.10.1/stm32cubeide/plugins/com.st.stm32cube.ide.mcu.externaltools.gnu-tools-for-stm32.10.3-2021.10.win32_1.0.200.202301161003/tools/bin/../lib/gcc/arm-none-eabi/10.3.1/thumb/v7e-m+fp/hard\libgcc.a(_udivmoddi4.o)
